Component: ARM Compiler 5.05 update 1 (build 106) Tool: armlink [4d0efa]

==============================================================================

Section Cross References

    main.o(.text) refers to _printf_pad.o(.text) for _printf_pre_padding
    main.o(.text) refers to _printf_percent.o(.ARM.Collect$$_printf_percent$$00000000) for _printf_percent
    main.o(.text) refers to _printf_d.o(.ARM.Collect$$_printf_percent$$00000009) for _printf_d
    main.o(.text) refers to _printf_dec.o(.text) for _printf_int_dec
    main.o(.text) refers to misc.o(.text) for NVIC_PriorityGroupConfig
    main.o(.text) refers to delay.o(.text) for delay_init
    main.o(.text) refers to usart.o(.text) for uart_init
    main.o(.text) refers to led.o(.text) for LED_Init
    main.o(.text) refers to lcd.o(.text) for LCD_Init
    main.o(.text) refers to rtc.o(.text) for My_RTC_Init
    main.o(.text) refers to adc.o(.text) for ADC1_Init
    main.o(.text) refers to bh1750.o(.text) for BH1750_Init
    main.o(.text) refers to myiic.o(.text) for IIC_Init
    main.o(.text) refers to switch.o(.text) for SWITCH_Init
    main.o(.text) refers to rs485.o(.text) for RS485_Init
    main.o(.text) refers to stm32f4xx_rtc.o(.text) for RTC_GetTime
    main.o(.text) refers to noretval__2sprintf.o(.text) for __2sprintf
    main.o(.text) refers to lcd.o(.data) for POINT_COLOR
    main.o(.text) refers to dflt_clz.o(x$fpl$dflt) for __aeabi_i2d
    main.o(.text) refers to ddiv.o(x$fpl$ddiv) for __aeabi_ddiv
    main.o(.text) refers to d2f.o(x$fpl$d2f) for __aeabi_d2f
    main.o(.text) refers to timer.o(.text) for TIM2_Int_Init
    main.o(.text) refers to stm32f4xx_rcc.o(.text) for RCC_AHB1PeriphClockCmd
    main.o(.text) refers to wkup.o(.text) for Sys_Enter_Standby
    system_stm32f4xx.o(.text) refers to system_stm32f4xx.o(.data) for SystemCoreClock
    led.o(.text) refers to stm32f4xx_rcc.o(.text) for RCC_AHB1PeriphClockCmd
    led.o(.text) refers to stm32f4xx_gpio.o(.text) for GPIO_Init
    lcd.o(.text) refers to _printf_percent.o(.ARM.Collect$$_printf_percent$$00000000) for _printf_percent
    lcd.o(.text) refers to _printf_x.o(.ARM.Collect$$_printf_percent$$0000000C) for _printf_x
    lcd.o(.text) refers to _printf_hex_int.o(.text) for _printf_longlong_hex
    lcd.o(.text) refers to delay.o(.text) for delay_us
    lcd.o(.text) refers to lcd.o(.bss) for lcddev
    lcd.o(.text) refers to lcd.o(.data) for POINT_COLOR
    lcd.o(.text) refers to dflt_clz.o(x$fpl$dfltu) for __aeabi_ui2d
    lcd.o(.text) refers to dmul.o(x$fpl$dmul) for __aeabi_dmul
    lcd.o(.text) refers to dfixu.o(x$fpl$dfixu) for __aeabi_d2uiz
    lcd.o(.text) refers to stm32f4xx_rcc.o(.text) for RCC_AHB1PeriphClockCmd
    lcd.o(.text) refers to stm32f4xx_gpio.o(.text) for GPIO_Init
    lcd.o(.text) refers to stm32f4xx_fsmc.o(.text) for FSMC_NORSRAMInit
    lcd.o(.text) refers to noretval__2printf.o(.text) for __2printf
    lcd.o(.text) refers to lcd.o(.constdata) for asc2_1206
    rtc.o(.text) refers to stm32f4xx_rtc.o(.text) for RTC_SetTime
    rtc.o(.text) refers to stm32f4xx_rcc.o(.text) for RCC_APB1PeriphClockCmd
    rtc.o(.text) refers to stm32f4xx_pwr.o(.text) for PWR_BackupAccessCmd
    rtc.o(.text) refers to delay.o(.text) for delay_ms
    rtc.o(.text) refers to stm32f4xx_exti.o(.text) for EXTI_ClearITPendingBit
    rtc.o(.text) refers to misc.o(.text) for NVIC_Init
    rtc.o(.text) refers to noretval__2printf.o(.text) for __2printf
    rtc.o(.text) refers to rtc.o(.data) for NVIC_InitStructure
    wkup.o(.text) refers to stm32f4xx_rcc.o(.text) for RCC_AHB1PeriphResetCmd
    wkup.o(.text) refers to stm32f4xx_pwr.o(.text) for PWR_BackupAccessCmd
    adc.o(.text) refers to stm32f4xx_rcc.o(.text) for RCC_AHB1PeriphClockCmd
    adc.o(.text) refers to stm32f4xx_gpio.o(.text) for GPIO_Init
    adc.o(.text) refers to stm32f4xx_adc.o(.text) for ADC_CommonInit
    adc.o(.text) refers to delay.o(.text) for delay_ms
    myiic.o(.text) refers to stm32f4xx_rcc.o(.text) for RCC_AHB1PeriphClockCmd
    myiic.o(.text) refers to stm32f4xx_gpio.o(.text) for GPIO_Init
    myiic.o(.text) refers to delay.o(.text) for delay_us
    bh1750.o(.text) refers to myiic.o(.text) for IIC_Start
    bh1750.o(.text) refers to delay.o(.text) for delay_ms
    timer.o(.text) refers to stm32f4xx_rcc.o(.text) for RCC_APB1PeriphClockCmd
    timer.o(.text) refers to stm32f4xx_tim.o(.text) for TIM_TimeBaseInit
    timer.o(.text) refers to misc.o(.text) for NVIC_Init
    timer.o(.text) refers to timer.o(.data) for control4
    switch.o(.text) refers to stm32f4xx_rcc.o(.text) for RCC_AHB1PeriphClockCmd
    switch.o(.text) refers to stm32f4xx_gpio.o(.text) for GPIO_Init
    rs485.o(.text) refers to stm32f4xx_usart.o(.text) for USART_GetITStatus
    rs485.o(.text) refers to stm32f4xx_rcc.o(.text) for RCC_AHB1PeriphClockCmd
    rs485.o(.text) refers to stm32f4xx_gpio.o(.text) for GPIO_PinAFConfig
    rs485.o(.text) refers to misc.o(.text) for NVIC_Init
    rs485.o(.text) refers to delay.o(.text) for delay_ms
[...]
    $v0                                      0x0800bac0   Number         0  dretinf.o(x$fpl$dretinf)
    x$fpl$fpinit                             0x0800bacc   Section       10  fpinit.o(x$fpl$fpinit)
    $v0                                      0x0800bacc   Number         0  fpinit.o(x$fpl$fpinit)
    x$fpl$fretinf                            0x0800bad6   Section       10  fretinf.o(x$fpl$fretinf)
    $v0                                      0x0800bad6   Number         0  fretinf.o(x$fpl$fretinf)
    .constdata                               0x0800bae0   Section     6080  lcd.o(.constdata)
    x$fpl$usenofp                            0x0800bae0   Section        0  usenofp.o(x$fpl$usenofp)
    .constdata                               0x0800d2a0   Section       28  stm32f4xx_fsmc.o(.constdata)
    .constdata                               0x0800d2bc   Section       40  _printf_hex_int.o(.constdata)
    uc_hextab                                0x0800d2bc   Data          20  _printf_hex_int.o(.constdata)
    lc_hextab                                0x0800d2d0   Data          20  _printf_hex_int.o(.constdata)
    .constdata                               0x0800d2e4   Section       17  __printf_flags_ss_wp.o(.constdata)
    maptable                                 0x0800d2e4   Data          17  __printf_flags_ss_wp.o(.constdata)
    .conststring                             0x0800d2f8   Section       40  usmart.o(.conststring)
    .conststring                             0x0800d320   Section      298  usmart_config.o(.conststring)
    .data                                    0x20000000   Section       20  system_stm32f4xx.o(.data)
    .data                                    0x20000014   Section        4  lcd.o(.data)
    .data                                    0x20000018   Section        4  rtc.o(.data)
    .data                                    0x2000001c   Section        8  timer.o(.data)
    .data                                    0x20000024   Section        1  rs485.o(.data)
    .data                                    0x20000026   Section        4  delay.o(.data)
    fac_us                                   0x20000026   Data           1  delay.o(.data)
    fac_ms                                   0x20000028   Data           2  delay.o(.data)
    .data                                    0x2000002c   Section        6  usart.o(.data)
    .data                                    0x20000032   Section       16  stm32f4xx_rcc.o(.data)
    APBAHBPrescTable                         0x20000032   Data          16  stm32f4xx_rcc.o(.data)
    .data                                    0x20000044   Section       28  usmart.o(.data)
    .data                                    0x20000060   Section      308  usmart_config.o(.data)
    .bss                                     0x20000194   Section       14  lcd.o(.bss)
    .bss                                     0x200001a2   Section       64  rs485.o(.bss)
    .bss                                     0x200001e2   Section      200  usart.o(.bss)
    .bss                                     0x200002ac   Section       96  libspace.o(.bss)
    HEAP                                     0x20000310   Section      512  startup_stm32f40_41xxx.o(HEAP)
    Heap_Mem                                 0x20000310   Data         512  startup_stm32f40_41xxx.o(HEAP)
    STACK                                    0x20000510   Section     1024  startup_stm32f40_41xxx.o(STACK)
    Stack_Mem                                0x20000510   Data        1024  startup_stm32f40_41xxx.o(STACK)
    __initial_sp                             0x20000910   Data           0  startup_stm32f40_41xxx.o(STACK)

    Global Symbols

    Symbol Name                              Value     Ov Type        Size  Object(Section)

    BuildAttributes$$THM_ISAv4$E$P$D$K$B$S$7EM$VFPi3$EXTD16$VFPS$VFMA$PE$A:L22UL41UL21$X:L11$S22US41US21$IEEE1$IW$USESV6$~STKCKD$USESV7$~SHL$OSPACE$ROPI$EBA8$UX$STANDARDLIB$REQ8$PRES8$EABIv2 0x00000000   Number         0  anon$$obj.o ABSOLUTE
    __ARM_use_no_argv                        0x00000000   Number         0  main.o ABSOLUTE
    _printf_flags                            0x00000000   Number         0  printf_stubs.o ABSOLUTE
    _printf_return_value                     0x00000000   Number         0  printf_stubs.o ABSOLUTE
    _printf_sizespec                         0x00000000   Number         0  printf_stubs.o ABSOLUTE
    _printf_widthprec                        0x00000000   Number         0  printf_stubs.o ABSOLUTE
    __ARM_exceptions_init                     - Undefined Weak Reference
    __alloca_initialize                       - Undefined Weak Reference
    __arm_preinit_                            - Undefined Weak Reference
    __cpp_initialize__aeabi_                  - Undefined Weak Reference
    __cxa_finalize                            - Undefined Weak Reference
    __rt_locale                               - Undefined Weak Reference
    __sigvec_lookup                           - Undefined Weak Reference
    _atexit_init                              - Undefined Weak Reference
    _call_atexit_fns                          - Undefined Weak Reference
    _clock_init                               - Undefined Weak Reference
    _fp_trap_init                             - Undefined Weak Reference
    _fp_trap_shutdown                         - Undefined Weak Reference
    _get_lc_collate                           - Undefined Weak Reference
    _get_lc_ctype                             - Undefined Weak Reference
    _get_lc_monetary                          - Undefined Weak Reference
    _get_lc_numeric                           - Undefined Weak Reference
    _get_lc_time                              - Undefined Weak Reference
    _getenv_init                              - Undefined Weak Reference
    _handle_redirection                       - Undefined Weak Reference
    _init_alloc                               - Undefined Weak Reference
    _init_user_alloc                          - Undefined Weak Reference
    _initio                                   - Undefined Weak Reference
    _mutex_acquire                            - Undefined Weak Reference
    _mutex_release                            - Undefined Weak Reference
    _printf_mbtowc                            - Undefined Weak Reference
    _printf_truncate_signed                   - Undefined Weak Reference
    _printf_truncate_unsigned                 - Undefined Weak Reference
    _rand_init                                - Undefined Weak Reference
    _signal_finish                            - Undefined Weak Reference
    _signal_init                              - Undefined Weak Reference
    _terminate_alloc                          - Undefined Weak Reference
    _terminate_user_alloc                     - Undefined Weak Reference
    _terminateio                              - Undefined Weak Reference
    __Vectors_Size                           0x00000188   Number         0  startup_stm32f40_41xxx.o ABSOLUTE
    __Vectors                                0x08000000   Data           4  startup_stm32f40_41xxx.o(RESET)
    __Vectors_End                            0x08000188   Data           0  startup_stm32f40_41xxx.o(RESET)
    __main                                   0x08000189   Thumb Code     8  __main.o(!!!main)
    __scatterload                            0x08000191   Thumb Code     0  __scatter.o(!!!scatter)
    __scatterload_rt2                        0x08000191   Thumb Code    44  __scatter.o(!!!scatter)
    __scatterload_rt2_thumb_only             0x08000191   Thumb Code     0  __scatter.o(!!!scatter)
    __scatterload_null                       0x0800019f   Thumb Code     0  __scatter.o(!!!scatter)
    __decompress                             0x080001c5   Thumb Code    90  __dczerorl2.o(!!dczerorl2)
    __decompress1                            0x080001c5   Thumb Code     0  __dczerorl2.o(!!dczerorl2)
    __scatterload_zeroinit                   0x08000221   Thumb Code    28  __scatter_zi.o(!!handler_zi)
    _printf_d                                0x0800023d   Thumb Code     0  _printf_d.o(.ARM.Collect$$_printf_percent$$00000009)
    _printf_percent                          0x0800023d   Thumb Code     0  _printf_percent.o(.ARM.Collect$$_printf_percent$$00000000)
    _printf_u                                0x08000243   Thumb Code     0  _printf_u.o(.ARM.Collect$$_printf_percent$$0000000A)
    _printf_x                                0x08000249   Thumb Code     0  _printf_x.o(.ARM.Collect$$_printf_percent$$0000000C)
    _printf_c                                0x0800024f   Thumb Code     0  _printf_c.o(.ARM.Collect$$_printf_percent$$00000013)
    _printf_s                                0x08000255   Thumb Code     0  _printf_s.o(.ARM.Collect$$_printf_percent$$00000014)
    _printf_percent_end                      0x0800025b   Thumb Code     0  _printf_percent_end.o(.ARM.Collect$$_printf_percent$$00000017)
    __rt_lib_init                            0x0800025f   Thumb Code     0  libinit.o(.ARM.Collect$$libinit$$00000000)
    __rt_lib_init_fp_1                       0x08000261   Thumb Code     0  libinit2.o(.ARM.Collect$$libinit$$00000001)
    __rt_lib_init_alloca_1                   0x08000265   Thumb Code     0  libinit2.o(.ARM.Collect$$libinit$$0000002E)
    __rt_lib_init_argv_1                     0x08000265   Thumb Code     0  libinit2.o(.ARM.Collect$$libinit$$0000002C)
    __rt_lib_init_atexit_1                   0x08000265   Thumb Code     0  libinit2.o(.ARM.Collect$$libinit$$0000001B)
    __rt_lib_init_clock_1                    0x08000265   Thumb Code     0  libinit2.o(.ARM.Collect$$libinit$$00000021)
    __rt_lib_init_cpp_1                      0x08000265   Thumb Code     0  libinit2.o(.ARM.Collect$$libinit$$00000032)
    __rt_lib_init_exceptions_1               0x08000265   Thumb Code     0  libinit2.o(.ARM.Collect$$libinit$$00000030)
    __rt_lib_init_fp_trap_1                  0x08000265   Thumb Code     0  libinit2.o(.ARM.Collect$$libinit$$0000001F)
    __rt_lib_init_getenv_1                   0x08000265   Thumb Code     0  libinit2.o(.ARM.Collect$$libinit$$00000023)
    __rt_lib_init_heap_1                     0x08000265   Thumb Code     0  libinit2.o(.ARM.Collect$$libinit$$0000000A)
    __rt_lib_init_lc_collate_1               0x08000265   Thumb Code     0  libinit2.o(.ARM.Collect$$libinit$$00000011)
    __rt_lib_init_lc_ctype_1                 0x08000265   Thumb Code     0  libinit2.o(.ARM.Collect$$libinit$$00000013)
    __rt_lib_init_lc_monetary_1              0x08000265   Thumb Code     0  libinit2.o(.ARM.Collect$$libinit$$00000015)
    __rt_lib_init_lc_numeric_1               0x08000265   Thumb Code     0  libinit2.o(.ARM.Collect$$libinit$$00000017)
    __rt_lib_init_lc_time_1                  0x08000265   Thumb Code     0  libinit2.o(.ARM.Collect$$libinit$$00000019)
    __rt_lib_init_preinit_1                  0x08000265   Thumb Code     0  libinit2.o(.ARM.Collect$$libinit$$00000004)
    __rt_lib_init_rand_1                     0x08000265   Thumb Code     0  libinit2.o(.ARM.Collect$$libinit$$0000000E)
    __rt_lib_init_return                     0x08000265   Thumb Code     0  libinit2.o(.ARM.Collect$$libinit$$00000033)
    __rt_lib_init_signal_1                   0x08000265   Thumb Code     0  libinit2.o(.ARM.Collect$$libinit$$0000001D)
    __rt_lib_init_stdio_1                    0x08000265   Thumb Code     0  libinit2.o(.ARM.Collect$$libinit$$00000025)
    __rt_lib_init_user_alloc_1               0x08000265   Thumb Code     0  libinit2.o(.ARM.Collect$$libinit$$0000000C)
    __rt_lib_shutdown                        0x08000267   Thumb Code     0  libshutdown.o(.ARM.Collect$$libshutdown$$00000000)
    __rt_lib_shutdown_fp_trap_1              0x08000269   Thumb Code     0  libshutdown2.o(.ARM.Collect$$libshutdown$$00000006)
    __rt_lib_shutdown_heap_1                 0x08000269   Thumb Code     0  libshutdown2.o(.ARM.Collect$$libshutdown$$0000000E)
    __rt_lib_shutdown_return                 0x08000269   Thumb Code     0  libshutdown2.o(.ARM.Collect$$libshutdown$$0000000F)
    __rt_lib_shutdown_signal_1               0x08000269   Thumb Code     0  libshutdown2.o(.ARM.Collect$$libshutdown$$00000009)
    __rt_lib_shutdown_stdio_1                0x08000269   Thumb Code     0  libshutdown2.o(.ARM.Collect$$libshutdown$$00000003)
    __rt_lib_shutdown_user_alloc_1           0x08000269   Thumb Code     0  libshutdown2.o(.ARM.Collect$$libshutdown$$0000000B)
    __rt_entry                               0x0800026b   Thumb Code     0  __rtentry.o(.ARM.Collect$$rtentry$$00000000)
    __rt_entry_presh_1                       0x0800026b   Thumb Code     0  __rtentry2.o(.ARM.Collect$$rtentry$$00000002)
    __rt_entry_sh                            0x0800026b   Thumb Code     0  __rtentry4.o(.ARM.Collect$$rtentry$$00000004)
    __rt_entry_li                            0x08000271   Thumb Code     0  __rtentry2.o(.ARM.Collect$$rtentry$$0000000A)
    __rt_entry_postsh_1                      0x08000271   Thumb Code     0  __rtentry2.o(.ARM.Collect$$rtentry$$00000009)
    __rt_entry_main                          0x08000275   Thumb Code     0  __rtentry2.o(.ARM.Collect$$rtentry$$0000000D)
    __rt_entry_postli_1                      0x08000275   Thumb Code     0  __rtentry2.o(.ARM.Collect$$rtentry$$0000000C)
    __rt_exit                                0x0800027d   Thumb Code     0  rtexit.o(.ARM.Collect$$rtexit$$00000000)
    __rt_exit_ls                             0x0800027f   Thumb Code     0  rtexit2.o(.ARM.Collect$$rtexit$$00000003)
    __rt_exit_prels_1                        0x0800027f   Thumb Code     0  rtexit2.o(.ARM.Collect$$rtexit$$00000002)
    __rt_exit_exit                           0x08000283   Thumb Code     0  rtexit2.o(.ARM.Collect$$rtexit$$00000004)
    main                                     0x08000289   Thumb Code  2650  main.o(.text)
    NMI_Handler                              0x08000ce3   Thumb Code     2  stm32f4xx_it.o(.text)
    HardFault_Handler                        0x08000ce5   Thumb Code     4  stm32f4xx_it.o(.text)
    MemManage_Handler                        0x08000ce9   Thumb Code     4  stm32f4xx_it.o(.text)
    BusFault_Handler                         0x08000ced   Thumb Code     4  stm32f4xx_it.o(.text)
    UsageFault_Handler                       0x08000cf1   Thumb Code     4  stm32f4xx_it.o(.text)
    SVC_Handler                              0x08000cf5   Thumb Code     2  stm32f4xx_it.o(.text)
    DebugMon_Handler                         0x08000cf7   Thumb Code     2  stm32f4xx_it.o(.text)
    PendSV_Handler                           0x08000cf9   Thumb Code     2  stm32f4xx_it.o(.text)
    SysTick_Handler                          0x08000cfb   Thumb Code     2  stm32f4xx_it.o(.text)
    SystemInit                               0x08000dd9   Thumb Code    88  system_stm32f4xx.o(.text)
    SystemCoreClockUpdate                    0x08000e31   Thumb Code   174  system_stm32f4xx.o(.text)
    LED_Init                                 0x08000f0d   Thumb Code    60  led.o(.text)
    LCD_WR_REG                               0x08000f4d   Thumb Code    18  lcd.o(.text)
    LCD_WR_DATA                              0x08000f5f   Thumb Code    20  lcd.o(.text)
    LCD_RD_DATA                              0x08000f73   Thumb Code    16  lcd.o(.text)
    LCD_WriteReg                             0x08000f83   Thumb Code    14  lcd.o(.text)
    LCD_ReadReg                              0x08000f91   Thumb Code    22  lcd.o(.text)
    LCD_WriteRAM_Prepare                     0x08000fa7   Thumb Code    10  lcd.o(.text)
    LCD_WriteRAM                             0x08000fb1   Thumb Code     8  lcd.o(.text)
    LCD_BGR2RGB                              0x08000fb9   Thumb Code    26  lcd.o(.text)
    opt_delay                                0x08000fd3   Thumb Code    14  lcd.o(.text)
    LCD_SetCursor                            0x08000fe1   Thumb Code   418  lcd.o(.text)
    LCD_ReadPoint                            0x08001183   Thumb Code   360  lcd.o(.text)
    LCD_DisplayOn                            0x080012eb   Thumb Code   102  lcd.o(.text)
    LCD_DisplayOff                           0x08001351   Thumb Code    90  lcd.o(.text)
    LCD_Scan_Dir                             0x080013ab   Thumb Code   744  lcd.o(.text)
    LCD_DrawPoint                            0x08001693   Thumb Code    28  lcd.o(.text)
    LCD_Fast_DrawPoint                       0x080016af   Thumb Code   388  lcd.o(.text)
    LCD_SSD_BackLightSet                     0x08001833   Thumb Code    88  lcd.o(.text)
    LCD_Display_Dir                          0x0800188b   Thumb Code   444  lcd.o(.text)
    LCD_Set_Window                           0x08001a47   Thumb Code   546  lcd.o(.text)
    LCD_Clear                                0x08001c69   Thumb Code   100  lcd.o(.text)
    LCD_Init                                 0x08001ccd   Thumb Code 14696  lcd.o(.text)
    LCD_Fill                                 0x08005635   Thumb Code   180  lcd.o(.text)
    LCD_Color_Fill                           0x080056e9   Thumb Code   100  lcd.o(.text)
    LCD_DrawLine                             0x0800574d   Thumb Code   176  lcd.o(.text)
    LCD_DrawRectangle                        0x080057fd   Thumb Code    60  lcd.o(.text)
    LCD_Draw_Circle                          0x08005839   Thumb Code   152  lcd.o(.text)
    LCD_ShowChar                             0x080058d1   Thumb Code   272  lcd.o(.text)
    LCD_Pow                                  0x080059e1   Thumb Code    22  lcd.o(.text)
    LCD_ShowNum                              0x080059f7   Thumb Code   148  lcd.o(.text)
    LCD_ShowxNum                             0x08005a8b   Thumb Code   220  lcd.o(.text)
    LCD_ShowString                           0x08005b67   Thumb Code   102  lcd.o(.text)
    RTC_Set_Time                             0x08005bcd   Thumb Code    36  rtc.o(.text)
    RTC_Set_Date                             0x08005bf1   Thumb Code    36  rtc.o(.text)
    My_RTC_Init                              0x08005c15   Thumb Code   138  rtc.o(.text)
    RTC_Set_AlarmA                           0x08005c9f   Thumb Code   158  rtc.o(.text)
    RTC_Set_WakeUp                           0x08005d3d   Thumb Code   108  rtc.o(.text)
    RTC_Alarm_IRQHandler                     0x08005da9   Thumb Code    48  rtc.o(.text)
    Sys_Enter_Standby                        0x08005df1   Thumb Code    38  wkup.o(.text)
    ADC1_Init                                0x08005e19   Thumb Code   154  adc.o(.text)
    Get_Adc                                  0x08005eb3   Thumb Code    44  adc.o(.text)
    Get_Adc_Average                          0x08005edf   Thumb Code    46  adc.o(.text)
    IIC_Init                                 0x08005f19   Thumb Code    62  myiic.o(.text)
    IIC_Start                                0x08005f57   Thumb Code    68  myiic.o(.text)
    IIC_Stop                                 0x08005f9b   Thumb Code    62  myiic.o(.text)
    IIC_Wait_Ack                             0x08005fd9   Thumb Code    82  myiic.o(.text)
    IIC_Ack                                  0x0800602b   Thumb Code    66  myiic.o(.text)
    IIC_NAck                                 0x0800606d   Thumb Code    66  myiic.o(.text)
    IIC_Send_Byte                            0x080060af   Thumb Code    90  myiic.o(.text)
    IIC_Read_Byte                            0x08006109   Thumb Code    94  myiic.o(.text)
    write_bh1750                             0x08006175   Thumb Code    34  bh1750.o(.text)
    read_bh1750                              0x08006197   Thumb Code    56  bh1750.o(.text)
    BH1750_Init                              0x080061cf   Thumb Code    28  bh1750.o(.text)
    TIM2_Int_Init                            0x080061ed   Thumb Code    90  timer.o(.text)
    TIM3_Int_Init                            0x08006247   Thumb Code    88  timer.o(.text)
    TIM7_Int_Init                            0x0800629f   Thumb Code    88  timer.o(.text)
    TIM5_Int_Init                            0x080062f7   Thumb Code    88  timer.o(.text)
    TIM2_IRQHandler                          0x0800634f   Thumb Code   106  timer.o(.text)
    TIM3_IRQHandler                          0x080063b9   Thumb Code   110  timer.o(.text)
    TIM7_IRQHandler                          0x08006427   Thumb Code   136  timer.o(.text)
    TIM5_IRQHandler                          0x080064af   Thumb Code   110  timer.o(.text)
    SWITCH_Init                              0x08006559   Thumb Code    60  switch.o(.text)
    USART2_IRQHandler                        0x08006599   Thumb Code    50  rs485.o(.text)
    RS485_Init                               0x080065cb   Thumb Code   220  rs485.o(.text)
    RS485_Send_Data                          0x080066a7   Thumb Code    72  rs485.o(.text)
    RS485_Receive_Data                       0x080066ef   Thumb Code    68  rs485.o(.text)
    delay_init                               0x0800674d   Thumb Code    52  delay.o(.text)
    delay_us                                 0x08006781   Thumb Code    72  delay.o(.text)
    delay_xms                                0x080067c9   Thumb Code    72  delay.o(.text)
    delay_ms                                 0x08006811   Thumb Code    56  delay.o(.text)
    _sys_exit                                0x08006851   Thumb Code     6  usart.o(.text)
    fputc                                    0x08006857   Thumb Code    22  usart.o(.text)
    uart_init                                0x0800686d   Thumb Code   164  usart.o(.text)
    USART1_IRQHandler                        0x08006911   Thumb Code   122  usart.o(.text)
    Reset_Handler                            0x0800699d   Thumb Code     8  startup_stm32f40_41xxx.o(.text)
    ADC_IRQHandler                           0x080069b7   Thumb Code     0  startup_stm32f40_41xxx.o(.text)
    CAN1_RX0_IRQHandler                      0x080069b7   Thumb Code     0  startup_stm32f40_41xxx.o(.text)
    CAN1_RX1_IRQHandler                      0x080069b7   Thumb Code     0  startup_stm32f40_41xxx.o(.text)
    CAN1_SCE_IRQHandler                      0x080069b7   Thumb Code     0  startup_stm32f40_41xxx.o(.text)
    CAN1_TX_IRQHandler                       0x080069b7   Thumb Code     0  startup_stm32f40_41xxx.o(.text)
    CAN2_RX0_IRQHandler                      0x080069b7   Thumb Code     0  startup_stm32f40_41xxx.o(.text)
    CAN2_RX1_IRQHandler                      0x080069b7   Thumb Code     0  startup_stm32f40_41xxx.o(.text)
    CAN2_SCE_IRQHandler                      0x080069b7   Thumb Code     0  startup_stm32f40_41xxx.o(.text)
    CAN2_TX_IRQHandler                       0x080069b7   Thumb Code     0  startup_stm32f40_41xxx.o(.text)
    CRYP_IRQHandler                          0x080069b7   Thumb Code     0  startup_stm32f40_41xxx.o(.text)
    DCMI_IRQHandler                          0x080069b7   Thumb Code     0  startup_stm32f40_41xxx.o(.text)
    DMA1_Stream0_IRQHandler                  0x080069b7   Thumb Code     0  startup_stm32f40_41xxx.o(.text)
    DMA1_Stream1_IRQHandler                  0x080069b7   Thumb Code     0  startup_stm32f40_41xxx.o(.text)
    DMA1_Stream2_IRQHandler                  0x080069b7   Thumb Code     0  startup_stm32f40_41xxx.o(.text)
    DMA1_Stream3_IRQHandler                  0x080069b7   Thumb Code     0  startup_stm32f40_41xxx.o(.text)
    DMA1_Stream4_IRQHandler                  0x080069b7   Thumb Code     0  startup_stm32f40_41xxx.o(.text)
    DMA1_Stream5_IRQHandler                  0x080069b7   Thumb Code     0  startup_stm32f40_41xxx.o(.text)
    DMA1_Stream6_IRQHandler                  0x080069b7   Thumb Code     0  startup_stm32f40_41xxx.o(.text)
    DMA1_Stream7_IRQHandler                  0x080069b7   Thumb Code     0  startup_stm32f40_41xxx.o(.text)
    DMA2_Stream0_IRQHandler                  0x080069b7   Thumb Code     0  startup_stm32f40_41xxx.o(.text)
    DMA2_Stream1_IRQHandler                  0x080069b7   Thumb Code     0  startup_stm32f40_41xxx.o(.text)
    DMA2_Stream2_IRQHandler                  0x080069b7   Thumb Code     0  startup_stm32f40_41xxx.o(.text)
    DMA2_Stream3_IRQHandler                  0x080069b7   Thumb Code     0  startup_stm32f40_41xxx.o(.text)
    DMA2_Stream4_IRQHandler                  0x080069b7   Thumb Code     0  startup_stm32f40_41xxx.o(.text)
    DMA2_Stream5_IRQHandler                  0x080069b7   Thumb Code     0  startup_stm32f40_41xxx.o(.text)
    DMA2_Stream6_IRQHandler                  0x080069b7   Thumb Code     0  startup_stm32f40_41xxx.o(.text)
    DMA2_Stream7_IRQHandler                  0x080069b7   Thumb Code     0  startup_stm32f40_41xxx.o(.text)
    ETH_IRQHandler                           0x080069b7   Thumb Code     0  startup_stm32f40_41xxx.o(.text)
    ETH_WKUP_IRQHandler                      0x080069b7   Thumb Code     0  startup_stm32f40_41xxx.o(.text)
    EXTI0_IRQHandler                         0x080069b7   Thumb Code     0  startup_stm32f40_41xxx.o(.text)
    EXTI15_10_IRQHandler                     0x080069b7   Thumb Code     0  startup_stm32f40_41xxx.o(.text)
    EXTI1_IRQHandler                         0x080069b7   Thumb Code     0  startup_stm32f40_41xxx.o(.text)
    EXTI2_IRQHandler                         0x080069b7   Thumb Code     0  startup_stm32f40_41xxx.o(.text)
    EXTI3_IRQHandler                         0x080069b7   Thumb Code     0  startup_stm32f40_41xxx.o(.text)
    EXTI4_IRQHandler                         0x080069b7   Thumb Code     0  startup_stm32f40_41xxx.o(.text)
    EXTI9_5_IRQHandler                       0x080069b7   Thumb Code     0  startup_stm32f40_41xxx.o(.text)
    FLASH_IRQHandler                         0x080069b7   Thumb Code     0  startup_stm32f40_41xxx.o(.text)
    FPU_IRQHandler                           0x080069b7   Thumb Code     0  startup_stm32f40_41xxx.o(.text)
    FSMC_IRQHandler                          0x080069b7   Thumb Code     0  startup_stm32f40_41xxx.o(.text)
    HASH_RNG_IRQHandler                      0x080069b7   Thumb Code     0  startup_stm32f40_41xxx.o(.text)
    I2C1_ER_IRQHandler                       0x080069b7   Thumb Code     0  startup_stm32f40_41xxx.o(.text)
    I2C1_EV_IRQHandler                       0x080069b7   Thumb Code     0  startup_stm32f40_41xxx.o(.text)
    I2C2_ER_IRQHandler                       0x080069b7   Thumb Code     0  startup_stm32f40_41xxx.o(.text)
    I2C2_EV_IRQHandler                       0x080069b7   Thumb Code     0  startup_stm32f40_41xxx.o(.text)
    I2C3_ER_IRQHandler                       0x080069b7   Thumb Code     0  startup_stm32f40_41xxx.o(.text)
    I2C3_EV_IRQHandler                       0x080069b7   Thumb Code     0  startup_stm32f40_41xxx.o(.text)
    OTG_FS_IRQHandler                        0x080069b7   Thumb Code     0  startup_stm32f40_41xxx.o(.text)
    OTG_FS_WKUP_IRQHandler                   0x080069b7   Thumb Code     0  startup_stm32f40_41xxx.o(.text)
    OTG_HS_EP1_IN_IRQHandler                 0x080069b7   Thumb Code     0  startup_stm32f40_41xxx.o(.text)
    OTG_HS_EP1_OUT_IRQHandler                0x080069b7   Thumb Code     0  startup_stm32f40_41xxx.o(.text)
    OTG_HS_IRQHandler                        0x080069b7   Thumb Code     0  startup_stm32f40_41xxx.o(.text)
    OTG_HS_WKUP_IRQHandler                   0x080069b7   Thumb Code     0  startup_stm32f40_41xxx.o(.text)
    PVD_IRQHandler                           0x080069b7   Thumb Code     0  startup_stm32f40_41xxx.o(.text)
    RCC_IRQHandler                           0x080069b7   Thumb Code     0  startup_stm32f40_41xxx.o(.text)
    RTC_WKUP_IRQHandler                      0x080069b7   Thumb Code     0  startup_stm32f40_41xxx.o(.text)
    SDIO_IRQHandler                          0x080069b7   Thumb Code     0  startup_stm32f40_41xxx.o(.text)
    SPI1_IRQHandler                          0x080069b7   Thumb Code     0  startup_stm32f40_41xxx.o(.text)
    SPI2_IRQHandler                          0x080069b7   Thumb Code     0  startup_stm32f40_41xxx.o(.text)
    SPI3_IRQHandler                          0x080069b7   Thumb Code     0  startup_stm32f40_41xxx.o(.text)
    TAMP_STAMP_IRQHandler                    0x080069b7   Thumb Code     0  startup_stm32f40_41xxx.o(.text)
    TIM1_BRK_TIM9_IRQHandler                 0x080069b7   Thumb Code     0  startup_stm32f40_41xxx.o(.text)
    TIM1_CC_IRQHandler                       0x080069b7   Thumb Code     0  startup_stm32f40_41xxx.o(.text)
    TIM1_TRG_COM_TIM11_IRQHandler            0x080069b7   Thumb Code     0  startup_stm32f40_41xxx.o(.text)
    TIM1_UP_TIM10_IRQHandler                 0x080069b7   Thumb Code     0  startup_stm32f40_41xxx.o(.text)
    TIM6_DAC_IRQHandler                      0x080069b7   Thumb Code     0  startup_stm32f40_41xxx.o(.text)
    TIM8_BRK_TIM12_IRQHandler                0x080069b7   Thumb Code     0  startup_stm32f40_41xxx.o(.text)
    TIM8_CC_IRQHandler                       0x080069b7   Thumb Code     0  startup_stm32f40_41xxx.o(.text)
    TIM8_TRG_COM_TIM14_IRQHandler            0x080069b7   Thumb Code     0  startup_stm32f40_41xxx.o(.text)
    TIM8_UP_TIM13_IRQHandler                 0x080069b7   Thumb Code     0  startup_stm32f40_41xxx.o(.text)
    UART4_IRQHandler                         0x080069b7   Thumb Code     0  startup_stm32f40_41xxx.o(.text)
    UART5_IRQHandler                         0x080069b7   Thumb Code     0  startup_stm32f40_41xxx.o(.text)
    USART3_IRQHandler                        0x080069b7   Thumb Code     0  startup_stm32f40_41xxx.o(.text)
    USART6_IRQHandler                        0x080069b7   Thumb Code     0  startup_stm32f40_41xxx.o(.text)
    WWDG_IRQHandler                          0x080069b7   Thumb Code     0  startup_stm32f40_41xxx.o(.text)
    __user_initial_stackheap                 0x080069b9   Thumb Code     0  startup_stm32f40_41xxx.o(.text)
    NVIC_PriorityGroupConfig                 0x080069dd   Thumb Code    10  misc.o(.text)
    NVIC_Init                                0x080069e7   Thumb Code   106  misc.o(.text)
    NVIC_SetVectorTable                      0x08006a51   Thumb Code    14  misc.o(.text)
    NVIC_SystemLPConfig                      0x08006a5f   Thumb Code    34  misc.o(.text)
    SysTick_CLKSourceConfig                  0x08006a81   Thumb Code    40  misc.o(.text)
    GPIO_DeInit                              0x08006abd   Thumb Code   268  stm32f4xx_gpio.o(.text)
    GPIO_Init                                0x08006bc9   Thumb Code   144  stm32f4xx_gpio.o(.text)
    GPIO_StructInit                          0x08006c59   Thumb Code    18  stm32f4xx_gpio.o(.text)
    GPIO_PinLockConfig                       0x08006c6b   Thumb Code    34  stm32f4xx_gpio.o(.text)
    GPIO_ReadInputDataBit                    0x08006c8d   Thumb Code    18  stm32f4xx_gpio.o(.text)
    GPIO_ReadInputData                       0x08006c9f   Thumb Code     8  stm32f4xx_gpio.o(.text)
    GPIO_ReadOutputDataBit                   0x08006ca7   Thumb Code    18  stm32f4xx_gpio.o(.text)
    GPIO_ReadOutputData                      0x08006cb9   Thumb Code     8  stm32f4xx_gpio.o(.text)
    GPIO_SetBits                             0x08006cc1   Thumb Code     4  stm32f4xx_gpio.o(.text)
    GPIO_ResetBits                           0x08006cc5   Thumb Code     4  stm32f4xx_gpio.o(.text)
    GPIO_WriteBit                            0x08006cc9   Thumb Code    10  stm32f4xx_gpio.o(.text)
    GPIO_Write                               0x08006cd3   Thumb Code     4  stm32f4xx_gpio.o(.text)
    GPIO_ToggleBits                          0x08006cd7   Thumb Code     8  stm32f4xx_gpio.o(.text)
    GPIO_PinAFConfig                         0x08006cdf   Thumb Code    70  stm32f4xx_gpio.o(.text)
    FSMC_NORSRAMDeInit                       0x08006d51   Thumb Code    54  stm32f4xx_fsmc.o(.text)
    FSMC_NORSRAMInit                         0x08006d87   Thumb Code   230  stm32f4xx_fsmc.o(.text)
    FSMC_NORSRAMStructInit                   0x08006e6d   Thumb Code    48  stm32f4xx_fsmc.o(.text)
    FSMC_NORSRAMCmd                          0x08006e9d   Thumb Code    46  stm32f4xx_fsmc.o(.text)
    FSMC_NANDDeInit                          0x08006ecb   Thumb Code    62  stm32f4xx_fsmc.o(.text)
    FSMC_NANDInit                            0x08006f09   Thumb Code   132  stm32f4xx_fsmc.o(.text)
    FSMC_NANDStructInit                      0x08006f8d   Thumb Code    54  stm32f4xx_fsmc.o(.text)
    FSMC_NANDCmd                             0x08006fc3   Thumb Code    86  stm32f4xx_fsmc.o(.text)
    FSMC_NANDECCCmd                          0x08007019   Thumb Code    86  stm32f4xx_fsmc.o(.text)
    FSMC_GetECC                              0x0800706f   Thumb Code    24  stm32f4xx_fsmc.o(.text)
    FSMC_PCCARDDeInit                        0x08007087   Thumb Code    36  stm32f4xx_fsmc.o(.text)
    FSMC_PCCARDInit                          0x080070ab   Thumb Code   130  stm32f4xx_fsmc.o(.text)
    FSMC_PCCARDStructInit                    0x0800712d   Thumb Code    60  stm32f4xx_fsmc.o(.text)
    FSMC_PCCARDCmd                           0x08007169   Thumb Code    44  stm32f4xx_fsmc.o(.text)
    FSMC_ITConfig                            0x08007195   Thumb Code   128  stm32f4xx_fsmc.o(.text)
    FSMC_GetFlagStatus                       0x08007215   Thumb Code    54  stm32f4xx_fsmc.o(.text)
    FSMC_ClearFlag                           0x0800724b   Thumb Code    74  stm32f4xx_fsmc.o(.text)
    FSMC_GetITStatus                         0x08007295   Thumb Code    62  stm32f4xx_fsmc.o(.text)
    FSMC_ClearITPendingBit                   0x080072d3   Thumb Code    66  stm32f4xx_fsmc.o(.text)
    RCC_DeInit                               0x08007319   Thumb Code    82  stm32f4xx_rcc.o(.text)
    RCC_HSEConfig                            0x0800736b   Thumb Code    14  stm32f4xx_rcc.o(.text)
    RCC_GetFlagStatus                        0x08007379   Thumb Code    60  stm32f4xx_rcc.o(.text)
    RCC_WaitForHSEStartUp                    0x080073b5   Thumb Code    56  stm32f4xx_rcc.o(.text)
    RCC_AdjustHSICalibrationValue            0x080073ed   Thumb Code    20  stm32f4xx_rcc.o(.text)
    RCC_HSICmd                               0x08007401   Thumb Code     6  stm32f4xx_rcc.o(.text)
    RCC_LSEConfig                            0x08007407   Thumb Code    46  stm32f4xx_rcc.o(.text)
    RCC_LSICmd                               0x08007435   Thumb Code     6  stm32f4xx_rcc.o(.text)
    RCC_PLLConfig                            0x0800743b   Thumb Code    32  stm32f4xx_rcc.o(.text)
    RCC_PLLCmd                               0x0800745b   Thumb Code     6  stm32f4xx_rcc.o(.text)
    RCC_PLLI2SConfig                         0x08007461   Thumb Code    14  stm32f4xx_rcc.o(.text)
    RCC_PLLI2SCmd                            0x0800746f   Thumb Code     6  stm32f4xx_rcc.o(.text)
    RCC_PLLSAIConfig                         0x08007475   Thumb Code    20  stm32f4xx_rcc.o(.text)
    RCC_PLLSAICmd                            0x08007489   Thumb Code     6  stm32f4xx_rcc.o(.text)
    RCC_ClockSecuritySystemCmd               0x0800748f   Thumb Code     6  stm32f4xx_rcc.o(.text)
    RCC_MCO1Config                           0x08007495   Thumb Code    28  stm32f4xx_rcc.o(.text)
    RCC_MCO2Config                           0x080074b1   Thumb Code    28  stm32f4xx_rcc.o(.text)
    RCC_SYSCLKConfig                         0x080074cd   Thumb Code    20  stm32f4xx_rcc.o(.text)
    RCC_GetSYSCLKSource                      0x080074e1   Thumb Code    12  stm32f4xx_rcc.o(.text)
    RCC_HCLKConfig                           0x080074ed   Thumb Code    20  stm32f4xx_rcc.o(.text)
    RCC_PCLK1Config                          0x08007501   Thumb Code    20  stm32f4xx_rcc.o(.text)
    RCC_PCLK2Config                          0x08007515   Thumb Code    22  stm32f4xx_rcc.o(.text)
    RCC_GetClocksFreq                        0x0800752b   Thumb Code   222  stm32f4xx_rcc.o(.text)
    RCC_RTCCLKConfig                         0x08007609   Thumb Code    54  stm32f4xx_rcc.o(.text)
    RCC_RTCCLKCmd                            0x0800763f   Thumb Code     8  stm32f4xx_rcc.o(.text)
    RCC_BackupResetCmd                       0x08007647   Thumb Code     8  stm32f4xx_rcc.o(.text)
    RCC_I2SCLKConfig                         0x0800764f   Thumb Code     6  stm32f4xx_rcc.o(.text)
    RCC_SAIPLLI2SClkDivConfig                0x08007655   Thumb Code    26  stm32f4xx_rcc.o(.text)
    RCC_SAIPLLSAIClkDivConfig                0x0800766f   Thumb Code    28  stm32f4xx_rcc.o(.text)
    RCC_SAIBlockACLKConfig                   0x0800768b   Thumb Code    20  stm32f4xx_rcc.o(.text)
    RCC_SAIBlockBCLKConfig                   0x0800769f   Thumb Code    20  stm32f4xx_rcc.o(.text)
    RCC_LTDCCLKDivConfig                     0x080076b3   Thumb Code    20  stm32f4xx_rcc.o(.text)
    RCC_TIMCLKPresConfig                     0x080076c7   Thumb Code     6  stm32f4xx_rcc.o(.text)
    RCC_AHB1PeriphClockCmd                   0x080076cd   Thumb Code    34  stm32f4xx_rcc.o(.text)
    RCC_AHB2PeriphClockCmd                   0x080076ef   Thumb Code    78  stm32f4xx_rcc.o(.text)
    RCC_AHB3PeriphClockCmd                   0x0800773d   Thumb Code    34  stm32f4xx_rcc.o(.text)
    RCC_APB1PeriphClockCmd                   0x0800775f   Thumb Code    34  stm32f4xx_rcc.o(.text)
    RCC_APB2PeriphClockCmd                   0x08007781   Thumb Code    34  stm32f4xx_rcc.o(.text)
    RCC_AHB1PeriphResetCmd                   0x080077a3   Thumb Code    34  stm32f4xx_rcc.o(.text)
    RCC_AHB2PeriphResetCmd                   0x080077c5   Thumb Code    34  stm32f4xx_rcc.o(.text)
    RCC_AHB3PeriphResetCmd                   0x080077e7   Thumb Code    34  stm32f4xx_rcc.o(.text)
    RCC_APB1PeriphResetCmd                   0x08007809   Thumb Code    34  stm32f4xx_rcc.o(.text)
    RCC_APB2PeriphResetCmd                   0x0800782b   Thumb Code    34  stm32f4xx_rcc.o(.text)
    RCC_AHB1PeriphClockLPModeCmd             0x0800784d   Thumb Code    34  stm32f4xx_rcc.o(.text)
    RCC_AHB2PeriphClockLPModeCmd             0x0800786f   Thumb Code    34  stm32f4xx_rcc.o(.text)
    RCC_AHB3PeriphClockLPModeCmd             0x08007891   Thumb Code    34  stm32f4xx_rcc.o(.text)
    RCC_APB1PeriphClockLPModeCmd             0x080078b3   Thumb Code    34  stm32f4xx_rcc.o(.text)
    RCC_APB2PeriphClockLPModeCmd             0x080078d5   Thumb Code    34  stm32f4xx_rcc.o(.text)
    RCC_LSEModeConfig                        0x080078f7   Thumb Code    40  stm32f4xx_rcc.o(.text)
    RCC_ITConfig                             0x0800791f   Thumb Code    34  stm32f4xx_rcc.o(.text)
    RCC_ClearFlag                            0x08007941   Thumb Code    18  stm32f4xx_rcc.o(.text)
    RCC_GetITStatus                          0x08007953   Thumb Code    22  stm32f4xx_rcc.o(.text)
    RCC_ClearITPendingBit                    0x08007969   Thumb Code     8  stm32f4xx_rcc.o(.text)
    USART_DeInit                             0x08007975   Thumb Code   206  stm32f4xx_usart.o(.text)
    USART_Init                               0x08007a43   Thumb Code   204  stm32f4xx_usart.o(.text)
    USART_StructInit                         0x08007b0f   Thumb Code    24  stm32f4xx_usart.o(.text)
    USART_ClockInit                          0x08007b27   Thumb Code    32  stm32f4xx_usart.o(.text)
    USART_ClockStructInit                    0x08007b47   Thumb Code    12  stm32f4xx_usart.o(.text)
    USART_Cmd                                0x08007b53   Thumb Code    24  stm32f4xx_usart.o(.text)
    USART_SetPrescaler                       0x08007b6b   Thumb Code    16  stm32f4xx_usart.o(.text)
    USART_OverSampling8Cmd                   0x08007b7b   Thumb Code    22  stm32f4xx_usart.o(.text)
    USART_OneBitMethodCmd                    0x08007b91   Thumb Code    24  stm32f4xx_usart.o(.text)
    USART_SendData                           0x08007ba9   Thumb Code     8  stm32f4xx_usart.o(.text)
    USART_ReceiveData                        0x08007bb1   Thumb Code    10  stm32f4xx_usart.o(.text)
    USART_SetAddress                         0x08007bbb   Thumb Code    18  stm32f4xx_usart.o(.text)
    USART_ReceiverWakeUpCmd                  0x08007bcd   Thumb Code    24  stm32f4xx_usart.o(.text)
    USART_WakeUpConfig                       0x08007be5   Thumb Code    18  stm32f4xx_usart.o(.text)
    USART_LINBreakDetectLengthConfig         0x08007bf7   Thumb Code    18  stm32f4xx_usart.o(.text)
    USART_LINCmd                             0x08007c09   Thumb Code    24  stm32f4xx_usart.o(.text)
    USART_SendBreak                          0x08007c21   Thumb Code    10  stm32f4xx_usart.o(.text)
    USART_HalfDuplexCmd                      0x08007c2b   Thumb Code    24  stm32f4xx_usart.o(.text)
    USART_SetGuardTime                       0x08007c43   Thumb Code    16  stm32f4xx_usart.o(.text)
    USART_SmartCardCmd                       0x08007c53   Thumb Code    24  stm32f4xx_usart.o(.text)
    USART_SmartCardNACKCmd                   0x08007c6b   Thumb Code    24  stm32f4xx_usart.o(.text)
    USART_IrDAConfig                         0x08007c83   Thumb Code    18  stm32f4xx_usart.o(.text)
    USART_IrDACmd                            0x08007c95   Thumb Code    24  stm32f4xx_usart.o(.text)
    USART_DMACmd                             0x08007cad   Thumb Code    18  stm32f4xx_usart.o(.text)
    USART_ITConfig                           0x08007cbf   Thumb Code    74  stm32f4xx_usart.o(.text)
    USART_GetFlagStatus                      0x08007d09   Thumb Code    26  stm32f4xx_usart.o(.text)
    USART_ClearFlag                          0x08007d23   Thumb Code    18  stm32f4xx_usart.o(.text)
    USART_GetITStatus                        0x08007d35   Thumb Code   118  stm32f4xx_usart.o(.text)
    USART_ClearITPendingBit                  0x08007dab   Thumb Code    30  stm32f4xx_usart.o(.text)
    RTC_WaitForSynchro                       0x08007dc9   Thumb Code    92  stm32f4xx_rtc.o(.text)
    RTC_EnterInitMode                        0x08007e25   Thumb Code    84  stm32f4xx_rtc.o(.text)
    RTC_DeInit                               0x08007e79   Thumb Code   204  stm32f4xx_rtc.o(.text)
    RTC_ExitInitMode                         0x08007f45   Thumb Code    18  stm32f4xx_rtc.o(.text)
    RTC_Init                                 0x08007f57   Thumb Code    94  stm32f4xx_rtc.o(.text)
    RTC_StructInit                           0x08007fb5   Thumb Code    14  stm32f4xx_rtc.o(.text)
    RTC_WriteProtectionCmd                   0x08007fc3   Thumb Code    22  stm32f4xx_rtc.o(.text)
    RTC_RefClockCmd                          0x08007fd9   Thumb Code    76  stm32f4xx_rtc.o(.text)
    RTC_BypassShadowCmd                      0x08008025   Thumb Code    54  stm32f4xx_rtc.o(.text)
    RTC_SetTime                              0x0800808d   Thumb Code   200  stm32f4xx_rtc.o(.text)
    RTC_TimeStructInit                       0x08008155   Thumb Code    12  stm32f4xx_rtc.o(.text)
    RTC_GetTime                              0x08008161   Thumb Code    74  stm32f4xx_rtc.o(.text)
    RTC_GetSubSecond                         0x080081ab   Thumb Code    30  stm32f4xx_rtc.o(.text)
    RTC_SetDate                              0x080081c9   Thumb Code   190  stm32f4xx_rtc.o(.text)
    RTC_DateStructInit                       0x08008287   Thumb Code    14  stm32f4xx_rtc.o(.text)
    RTC_GetDate                              0x08008295   Thumb Code    70  stm32f4xx_rtc.o(.text)
    RTC_SetAlarm                             0x080082db   Thumb Code   230  stm32f4xx_rtc.o(.text)
    RTC_AlarmStructInit                      0x080083c1   Thumb Code    22  stm32f4xx_rtc.o(.text)
    RTC_GetAlarm                             0x080083d7   Thumb Code   114  stm32f4xx_rtc.o(.text)
    RTC_AlarmCmd                             0x08008449   Thumb Code   112  stm32f4xx_rtc.o(.text)
    RTC_AlarmSubSecondConfig                 0x080084b9   Thumb Code    46  stm32f4xx_rtc.o(.text)
    RTC_GetAlarmSubSecond                    0x080084e7   Thumb Code    34  stm32f4xx_rtc.o(.text)
    RTC_WakeUpClockConfig                    0x08008509   Thumb Code    42  stm32f4xx_rtc.o(.text)
    RTC_SetWakeUpCounter                     0x08008533   Thumb Code    22  stm32f4xx_rtc.o(.text)
    RTC_GetWakeUpCounter                     0x08008549   Thumb Code    10  stm32f4xx_rtc.o(.text)
    RTC_WakeUpCmd                            0x08008553   Thumb Code   116  stm32f4xx_rtc.o(.text)
    RTC_DayLightSavingConfig                 0x080085c7   Thumb Code    50  stm32f4xx_rtc.o(.text)
    RTC_GetStoreOperation                    0x080085f9   Thumb Code    12  stm32f4xx_rtc.o(.text)
    RTC_OutputConfig                         0x08008605   Thumb Code    60  stm32f4xx_rtc.o(.text)
    RTC_CoarseCalibConfig                    0x08008641   Thumb Code    52  stm32f4xx_rtc.o(.text)
    RTC_CoarseCalibCmd                       0x08008675   Thumb Code    76  stm32f4xx_rtc.o(.text)
    RTC_CalibOutputCmd                       0x080086c1   Thumb Code    54  stm32f4xx_rtc.o(.text)
    RTC_CalibOutputConfig                    0x080086f7   Thumb Code    42  stm32f4xx_rtc.o(.text)
    RTC_SmoothCalibConfig                    0x08008721   Thumb Code    90  stm32f4xx_rtc.o(.text)
    RTC_TimeStampCmd                         0x0800877b   Thumb Code    54  stm32f4xx_rtc.o(.text)
    RTC_GetTimeStamp                         0x080087b1   Thumb Code   144  stm32f4xx_rtc.o(.text)
    RTC_GetTimeStampSubSecond                0x08008841   Thumb Code     8  stm32f4xx_rtc.o(.text)
    RTC_TamperTriggerConfig                  0x08008849   Thumb Code    38  stm32f4xx_rtc.o(.text)
    RTC_TamperCmd                            0x0800886f   Thumb Code    34  stm32f4xx_rtc.o(.text)
    RTC_TamperFilterConfig                   0x08008891   Thumb Code    26  stm32f4xx_rtc.o(.text)
    RTC_TamperSamplingFreqConfig             0x080088ab   Thumb Code    26  stm32f4xx_rtc.o(.text)
    RTC_TamperPinsPrechargeDuration          0x080088c5   Thumb Code    26  stm32f4xx_rtc.o(.text)
    RTC_TimeStampOnTamperDetectionCmd        0x080088df   Thumb Code    38  stm32f4xx_rtc.o(.text)
    RTC_TamperPullUpCmd                      0x08008905   Thumb Code    38  stm32f4xx_rtc.o(.text)
    RTC_WriteBackupRegister                  0x0800892b   Thumb Code    26  stm32f4xx_rtc.o(.text)
    RTC_ReadBackupRegister                   0x08008945   Thumb Code    28  stm32f4xx_rtc.o(.text)
    RTC_TamperPinSelection                   0x08008961   Thumb Code    26  stm32f4xx_rtc.o(.text)
    RTC_TimeStampPinSelection                0x0800897b   Thumb Code    26  stm32f4xx_rtc.o(.text)
    RTC_OutputTypeConfig                     0x08008995   Thumb Code    26  stm32f4xx_rtc.o(.text)
    RTC_SynchroShiftConfig                   0x080089af   Thumb Code   130  stm32f4xx_rtc.o(.text)
    RTC_ITConfig                             0x08008a31   Thumb Code    94  stm32f4xx_rtc.o(.text)
    RTC_GetFlagStatus                        0x08008a8f   Thumb Code    34  stm32f4xx_rtc.o(.text)
    RTC_ClearFlag                            0x08008ab1   Thumb Code    28  stm32f4xx_rtc.o(.text)
    RTC_GetITStatus                          0x08008acd   Thumb Code    60  stm32f4xx_rtc.o(.text)
    RTC_ClearITPendingBit                    0x08008b09   Thumb Code    32  stm32f4xx_rtc.o(.text)
    TIM_DeInit                               0x08008b31   Thumb Code   346  stm32f4xx_tim.o(.text)
    TIM_TimeBaseInit                         0x08008c8b   Thumb Code   104  stm32f4xx_tim.o(.text)
    TIM_TimeBaseStructInit                   0x08008cf3   Thumb Code    18  stm32f4xx_tim.o(.text)
    TIM_PrescalerConfig                      0x08008d05   Thumb Code     6  stm32f4xx_tim.o(.text)
    TIM_CounterModeConfig                    0x08008d0b   Thumb Code    18  stm32f4xx_tim.o(.text)
    TIM_SetCounter                           0x08008d1d   Thumb Code     4  stm32f4xx_tim.o(.text)
    TIM_SetAutoreload                        0x08008d21   Thumb Code     4  stm32f4xx_tim.o(.text)
    TIM_GetCounter                           0x08008d25   Thumb Code     6  stm32f4xx_tim.o(.text)
    TIM_GetPrescaler                         0x08008d2b   Thumb Code     6  stm32f4xx_tim.o(.text)
    TIM_UpdateDisableConfig                  0x08008d31   Thumb Code    24  stm32f4xx_tim.o(.text)
    TIM_UpdateRequestConfig                  0x08008d49   Thumb Code    24  stm32f4xx_tim.o(.text)
    TIM_ARRPreloadConfig                     0x08008d61   Thumb Code    24  stm32f4xx_tim.o(.text)
    TIM_SelectOnePulseMode                   0x08008d79   Thumb Code    18  stm32f4xx_tim.o(.text)
    TIM_SetClockDivision                     0x08008d8b   Thumb Code    18  stm32f4xx_tim.o(.text)
    TIM_Cmd                                  0x08008d9d   Thumb Code    24  stm32f4xx_tim.o(.text)
    TIM_OC1Init                              0x08008db5   Thumb Code   114  stm32f4xx_tim.o(.text)
    TIM_OC2Init                              0x08008e27   Thumb Code   154  stm32f4xx_tim.o(.text)
    TIM_OC3Init                              0x08008ec1   Thumb Code   204  stm32f4xx_tim.o(.text)
    TIM_OC4Init                              0x08008f8d   Thumb Code   112  stm32f4xx_tim.o(.text)
    TIM_OCStructInit                         0x08008ffd   Thumb Code    20  stm32f4xx_tim.o(.text)
    TIM_SelectOCxM                           0x08009011   Thumb Code    86  stm32f4xx_tim.o(.text)
    TIM_SetCompare1                          0x08009067   Thumb Code     4  stm32f4xx_tim.o(.text)
    TIM_SetCompare2                          0x0800906b   Thumb Code     4  stm32f4xx_tim.o(.text)
    TIM_SetCompare3                          0x0800906f   Thumb Code     4  stm32f4xx_tim.o(.text)
    TIM_SetCompare4                          0x08009073   Thumb Code     4  stm32f4xx_tim.o(.text)
    TIM_ForcedOC1Config                      0x08009077   Thumb Code    18  stm32f4xx_tim.o(.text)
    TIM_ForcedOC2Config                      0x08009089   Thumb Code    26  stm32f4xx_tim.o(.text)
    TIM_ForcedOC3Config                      0x080090a3   Thumb Code    18  stm32f4xx_tim.o(.text)
    TIM_ForcedOC4Config                      0x080090b5   Thumb Code    26  stm32f4xx_tim.o(.text)
    TIM_OC1PreloadConfig                     0x080090cf   Thumb Code    18  stm32f4xx_tim.o(.text)
    TIM_OC2PreloadConfig                     0x080090e1   Thumb Code    26  stm32f4xx_tim.o(.text)
    TIM_OC3PreloadConfig                     0x080090fb   Thumb Code    18  stm32f4xx_tim.o(.text)
    TIM_OC4PreloadConfig                     0x0800910d   Thumb Code    26  stm32f4xx_tim.o(.text)
    TIM_OC1FastConfig                        0x08009127   Thumb Code    18  stm32f4xx_tim.o(.text)
    TIM_OC2FastConfig                        0x08009139   Thumb Code    26  stm32f4xx_tim.o(.text)
    TIM_OC3FastConfig                        0x08009153   Thumb Code    18  stm32f4xx_tim.o(.text)
    TIM_OC4FastConfig                        0x08009165   Thumb Code    26  stm32f4xx_tim.o(.text)
    TIM_ClearOC1Ref                          0x0800917f   Thumb Code    18  stm32f4xx_tim.o(.text)
    TIM_ClearOC2Ref                          0x08009191   Thumb Code    24  stm32f4xx_tim.o(.text)
    TIM_ClearOC3Ref                          0x080091a9   Thumb Code    18  stm32f4xx_tim.o(.text)
    TIM_ClearOC4Ref                          0x080091bb   Thumb Code    24  stm32f4xx_tim.o(.text)
    TIM_OC1PolarityConfig                    0x080091d3   Thumb Code    18  stm32f4xx_tim.o(.text)
    TIM_OC1NPolarityConfig                   0x080091e5   Thumb Code    18  stm32f4xx_tim.o(.text)
    TIM_OC2PolarityConfig                    0x080091f7   Thumb Code    26  stm32f4xx_tim.o(.text)
    TIM_OC2NPolarityConfig                   0x08009211   Thumb Code    26  stm32f4xx_tim.o(.text)
    TIM_OC3PolarityConfig                    0x0800922b   Thumb Code    26  stm32f4xx_tim.o(.text)
    TIM_OC3NPolarityConfig                   0x08009245   Thumb Code    26  stm32f4xx_tim.o(.text)
    TIM_OC4PolarityConfig                    0x0800925f   Thumb Code    26  stm32f4xx_tim.o(.text)
    TIM_CCxCmd                               0x08009279   Thumb Code    30  stm32f4xx_tim.o(.text)
    TIM_CCxNCmd                              0x08009297   Thumb Code    30  stm32f4xx_tim.o(.text)
    TIM_SetIC4Prescaler                      0x080092b5   Thumb Code    26  stm32f4xx_tim.o(.text)
    TIM_SetIC3Prescaler                      0x0800931f   Thumb Code    18  stm32f4xx_tim.o(.text)
    TIM_SetIC2Prescaler                      0x08009379   Thumb Code    26  stm32f4xx_tim.o(.text)
    TIM_SetIC1Prescaler                      0x080093ed   Thumb Code    18  stm32f4xx_tim.o(.text)
    TIM_ICInit                               0x08009439   Thumb Code   110  stm32f4xx_tim.o(.text)
    TIM_ICStructInit                         0x080094a7   Thumb Code    18  stm32f4xx_tim.o(.text)
    TIM_PWMIConfig                           0x080094b9   Thumb Code   124  stm32f4xx_tim.o(.text)
    TIM_GetCapture1                          0x08009535   Thumb Code     6  stm32f4xx_tim.o(.text)
    TIM_GetCapture2                          0x0800953b   Thumb Code     6  stm32f4xx_tim.o(.text)
    TIM_GetCapture3                          0x08009541   Thumb Code     6  stm32f4xx_tim.o(.text)
    TIM_GetCapture4                          0x08009547   Thumb Code     6  stm32f4xx_tim.o(.text)
    TIM_BDTRConfig                           0x0800954d   Thumb Code    32  stm32f4xx_tim.o(.text)
    TIM_BDTRStructInit                       0x0800956d   Thumb Code    18  stm32f4xx_tim.o(.text)
    TIM_CtrlPWMOutputs                       0x0800957f   Thumb Code    30  stm32f4xx_tim.o(.text)
    TIM_SelectCOM                            0x0800959d   Thumb Code    24  stm32f4xx_tim.o(.text)
    TIM_CCPreloadControl                     0x080095b5   Thumb Code    24  stm32f4xx_tim.o(.text)
    TIM_ITConfig                             0x080095cd   Thumb Code    18  stm32f4xx_tim.o(.text)
    TIM_GenerateEvent                        0x080095df   Thumb Code     4  stm32f4xx_tim.o(.text)
    TIM_GetFlagStatus                        0x080095e3   Thumb Code    18  stm32f4xx_tim.o(.text)
    TIM_ClearFlag                            0x080095f5   Thumb Code     6  stm32f4xx_tim.o(.text)
    TIM_GetITStatus                          0x080095fb   Thumb Code    34  stm32f4xx_tim.o(.text)
    TIM_ClearITPendingBit                    0x0800961d   Thumb Code     6  stm32f4xx_tim.o(.text)
    TIM_DMAConfig                            0x08009623   Thumb Code    10  stm32f4xx_tim.o(.text)
    TIM_DMACmd                               0x0800962d   Thumb Code    18  stm32f4xx_tim.o(.text)
    TIM_SelectCCDMA                          0x0800963f   Thumb Code    24  stm32f4xx_tim.o(.text)
    TIM_InternalClockConfig                  0x08009657   Thumb Code    12  stm32f4xx_tim.o(.text)
    TIM_SelectInputTrigger                   0x08009663   Thumb Code    18  stm32f4xx_tim.o(.text)
    TIM_ITRxExternalClockConfig              0x08009675   Thumb Code    24  stm32f4xx_tim.o(.text)
    TIM_TIxExternalClockConfig               0x0800968d   Thumb Code    62  stm32f4xx_tim.o(.text)
    TIM_ETRConfig                            0x080096cb   Thumb Code    28  stm32f4xx_tim.o(.text)
    TIM_ETRClockMode1Config                  0x080096e7   Thumb Code    54  stm32f4xx_tim.o(.text)
    TIM_ETRClockMode2Config                  0x0800971d   Thumb Code    32  stm32f4xx_tim.o(.text)
    TIM_SelectOutputTrigger                  0x0800973d   Thumb Code    18  stm32f4xx_tim.o(.text)
    TIM_SelectSlaveMode                      0x0800974f   Thumb Code    18  stm32f4xx_tim.o(.text)
    TIM_SelectMasterSlaveMode                0x08009761   Thumb Code    18  stm32f4xx_tim.o(.text)
    TIM_EncoderInterfaceConfig               0x08009773   Thumb Code    66  stm32f4xx_tim.o(.text)
    TIM_SelectHallSensor                     0x080097b5   Thumb Code    24  stm32f4xx_tim.o(.text)
    TIM_RemapConfig                          0x080097cd   Thumb Code     6  stm32f4xx_tim.o(.text)
    EXTI_DeInit                              0x080097d5   Thumb Code    28  stm32f4xx_exti.o(.text)
    EXTI_Init                                0x080097f1   Thumb Code   142  stm32f4xx_exti.o(.text)
    EXTI_StructInit                          0x0800987f   Thumb Code    16  stm32f4xx_exti.o(.text)
    EXTI_GenerateSWInterrupt                 0x0800988f   Thumb Code    16  stm32f4xx_exti.o(.text)
    EXTI_GetFlagStatus                       0x0800989f   Thumb Code    22  stm32f4xx_exti.o(.text)
    EXTI_ClearFlag                           0x080098b5   Thumb Code     8  stm32f4xx_exti.o(.text)
    EXTI_GetITStatus                         0x080098bd   Thumb Code    22  stm32f4xx_exti.o(.text)
    EXTI_ClearITPendingBit                   0x080098d3   Thumb Code     8  stm32f4xx_exti.o(.text)
    PWR_DeInit                               0x080098e5   Thumb Code    22  stm32f4xx_pwr.o(.text)
    PWR_BackupAccessCmd                      0x080098fb   Thumb Code     6  stm32f4xx_pwr.o(.text)
    PWR_PVDLevelConfig                       0x08009901   Thumb Code    18  stm32f4xx_pwr.o(.text)
    PWR_PVDCmd                               0x08009913   Thumb Code     6  stm32f4xx_pwr.o(.text)
    PWR_WakeUpPinCmd                         0x08009919   Thumb Code     8  stm32f4xx_pwr.o(.text)
    PWR_BackupRegulatorCmd                   0x08009921   Thumb Code     8  stm32f4xx_pwr.o(.text)
    PWR_MainRegulatorModeConfig              0x08009929   Thumb Code    18  stm32f4xx_pwr.o(.text)
    PWR_OverDriveCmd                         0x0800993b   Thumb Code     6  stm32f4xx_pwr.o(.text)
    PWR_OverDriveSWCmd                       0x08009941   Thumb Code     6  stm32f4xx_pwr.o(.text)
    PWR_UnderDriveCmd                        0x08009947   Thumb Code    30  stm32f4xx_pwr.o(.text)
    PWR_MainRegulatorLowVoltageCmd           0x08009965   Thumb Code    18  stm32f4xx_pwr.o(.text)
    PWR_LowRegulatorLowVoltageCmd            0x08009977   Thumb Code    18  stm32f4xx_pwr.o(.text)
    PWR_FlashPowerDownCmd                    0x08009989   Thumb Code     6  stm32f4xx_pwr.o(.text)
    PWR_EnterSTOPMode                        0x0800998f   Thumb Code    58  stm32f4xx_pwr.o(.text)
    PWR_EnterUnderDriveSTOPMode              0x080099c9   Thumb Code    58  stm32f4xx_pwr.o(.text)
    PWR_EnterSTANDBYMode                     0x08009a03   Thumb Code    32  stm32f4xx_pwr.o(.text)
    PWR_GetFlagStatus                        0x08009a23   Thumb Code    20  stm32f4xx_pwr.o(.text)
    PWR_ClearFlag                            0x08009a37   Thumb Code    14  stm32f4xx_pwr.o(.text)
    ADC_DeInit                               0x08009a51   Thumb Code    22  stm32f4xx_adc.o(.text)
    ADC_Init                                 0x08009a67   Thumb Code    74  stm32f4xx_adc.o(.text)
    ADC_StructInit                           0x08009ab1   Thumb Code    20  stm32f4xx_adc.o(.text)
    ADC_CommonInit                           0x08009ac5   Thumb Code    34  stm32f4xx_adc.o(.text)
    ADC_CommonStructInit                     0x08009ae7   Thumb Code    12  stm32f4xx_adc.o(.text)
    ADC_Cmd                                  0x08009af3   Thumb Code    22  stm32f4xx_adc.o(.text)
    ADC_AnalogWatchdogCmd                    0x08009b09   Thumb Code    16  stm32f4xx_adc.o(.text)
    ADC_AnalogWatchdogThresholdsConfig       0x08009b19   Thumb Code     6  stm32f4xx_adc.o(.text)
    ADC_AnalogWatchdogSingleChannelConfig    0x08009b1f   Thumb Code    16  stm32f4xx_adc.o(.text)
    ADC_TempSensorVrefintCmd                 0x08009b2f   Thumb Code    34  stm32f4xx_adc.o(.text)
    ADC_VBATCmd                              0x08009b51   Thumb Code    34  stm32f4xx_adc.o(.text)
    ADC_RegularChannelConfig                 0x08009b73   Thumb Code   184  stm32f4xx_adc.o(.text)
    ADC_SoftwareStartConv                    0x08009c2b   Thumb Code    10  stm32f4xx_adc.o(.text)
    ADC_GetSoftwareStartConvStatus           0x08009c35   Thumb Code    20  stm32f4xx_adc.o(.text)
    ADC_EOCOnEachRegularChannelCmd           0x08009c49   Thumb Code    22  stm32f4xx_adc.o(.text)
    ADC_ContinuousModeCmd                    0x08009c5f   Thumb Code    22  stm32f4xx_adc.o(.text)
    ADC_DiscModeChannelCountConfig           0x08009c75   Thumb Code    24  stm32f4xx_adc.o(.text)
    ADC_DiscModeCmd                          0x08009c8d   Thumb Code    22  stm32f4xx_adc.o(.text)
    ADC_GetConversionValue                   0x08009ca3   Thumb Code     8  stm32f4xx_adc.o(.text)
    ADC_GetMultiModeConversionValue          0x08009cab   Thumb Code     8  stm32f4xx_adc.o(.text)
    ADC_DMACmd                               0x08009cb3   Thumb Code    22  stm32f4xx_adc.o(.text)
    ADC_DMARequestAfterLastTransferCmd       0x08009cc9   Thumb Code    22  stm32f4xx_adc.o(.text)
    ADC_MultiModeDMARequestAfterLastTransferCmd 0x08009cdf   Thumb Code    34  stm32f4xx_adc.o(.text)
    ADC_InjectedChannelConfig                0x08009d01   Thumb Code   130  stm32f4xx_adc.o(.text)
    ADC_InjectedSequencerLengthConfig        0x08009d83   Thumb Code    24  stm32f4xx_adc.o(.text)
    ADC_SetInjectedOffset                    0x08009d9b   Thumb Code    20  stm32f4xx_adc.o(.text)
    ADC_ExternalTrigInjectedConvConfig       0x08009daf   Thumb Code    16  stm32f4xx_adc.o(.text)
    ADC_ExternalTrigInjectedConvEdgeConfig   0x08009dbf   Thumb Code    16  stm32f4xx_adc.o(.text)
    ADC_SoftwareStartInjectedConv            0x08009dcf   Thumb Code    10  stm32f4xx_adc.o(.text)
    ADC_GetSoftwareStartInjectedConvCmdStatus 0x08009dd9   Thumb Code    20  stm32f4xx_adc.o(.text)
    ADC_AutoInjectedConvCmd                  0x08009ded   Thumb Code    22  stm32f4xx_adc.o(.text)
    ADC_InjectedDiscModeCmd                  0x08009e03   Thumb Code    22  stm32f4xx_adc.o(.text)
    ADC_GetInjectedConversionValue           0x08009e19   Thumb Code    28  stm32f4xx_adc.o(.text)
    ADC_ITConfig                             0x08009e35   Thumb Code    56  stm32f4xx_adc.o(.text)
    ADC_GetFlagStatus                        0x08009e6d   Thumb Code    18  stm32f4xx_adc.o(.text)
    ADC_ClearFlag                            0x08009e7f   Thumb Code     6  stm32f4xx_adc.o(.text)
    ADC_GetITStatus                          0x08009e85   Thumb Code    38  stm32f4xx_adc.o(.text)
    ADC_ClearITPendingBit                    0x08009eab   Thumb Code    10  stm32f4xx_adc.o(.text)
    usmart_sys_cmd_exe                       0x08009eb5   Thumb Code  1554  usmart.o(.text)
    usmart_reset_runtime                     0x0800a4c7   Thumb Code    38  usmart.o(.text)
    usmart_get_runtime                       0x0800a4ed   Thumb Code    60  usmart.o(.text)
    TIM4_IRQHandler                          0x0800a529   Thumb Code    46  usmart.o(.text)
    Timer4_Init                              0x0800a557   Thumb Code    86  usmart.o(.text)
    usmart_init                              0x0800a5ad   Thumb Code    36  usmart.o(.text)
    usmart_cmd_rec                           0x0800a5d1   Thumb Code   170  usmart.o(.text)
    usmart_exe                               0x0800a67b   Thumb Code   868  usmart.o(.text)
    usmart_scan                              0x0800a9df   Thumb Code   120  usmart.o(.text)
    read_addr                                0x0800aa57   Thumb Code     6  usmart.o(.text)
    write_addr                               0x0800aa5d   Thumb Code     4  usmart.o(.text)
    usmart_strcmp                            0x0800aae9   Thumb Code    34  usmart_str.o(.text)
    usmart_strcopy                           0x0800ab0b   Thumb Code    22  usmart_str.o(.text)
    usmart_strlen                            0x0800ab21   Thumb Code    24  usmart_str.o(.text)
    usmart_pow                               0x0800ab39   Thumb Code    22  usmart_str.o(.text)
    usmart_str2num                           0x0800ab4f   Thumb Code   202  usmart_str.o(.text)
    usmart_get_cmdname                       0x0800ac19   Thumb Code    54  usmart_str.o(.text)
    usmart_search_nextc                      0x0800ac4f   Thumb Code    22  usmart_str.o(.text)
    usmart_get_fname                         0x0800ac65   Thumb Code   440  usmart_str.o(.text)
    usmart_get_aparm                         0x0800ae1d   Thumb Code   200  usmart_str.o(.text)
    usmart_get_parmpos                       0x0800aee5   Thumb Code    26  usmart_str.o(.text)
    usmart_get_fparam                        0x0800aeff   Thumb Code   262  usmart_str.o(.text)
    __use_no_semihosting                     0x0800b011   Thumb Code     2  use_no_semi_2.o(.text)
    __2printf                                0x0800b015   Thumb Code    20  noretval__2printf.o(.text)
    __2sprintf                               0x0800b02d   Thumb Code    34  noretval__2sprintf.o(.text)
    _printf_pre_padding                      0x0800b055   Thumb Code    44  _printf_pad.o(.text)
    _printf_post_padding                     0x0800b081   Thumb Code    34  _printf_pad.o(.text)
    _printf_str                              0x0800b0a3   Thumb Code    82  _printf_str.o(.text)
    _printf_int_dec                          0x0800b0f5   Thumb Code   104  _printf_dec.o(.text)
    _printf_int_hex                          0x0800b16d   Thumb Code    84  _printf_hex_int.o(.text)
    _printf_longlong_hex                     0x0800b16d   Thumb Code     0  _printf_hex_int.o(.text)
    __printf                                 0x0800b1c5   Thumb Code   388  __printf_flags_ss_wp.o(.text)
    __use_two_region_memory                  0x0800b34d   Thumb Code     2  heapauxi.o(.text)
    __rt_heap_escrow$2region                 0x0800b34f   Thumb Code     2  heapauxi.o(.text)
    __rt_heap_expand$2region                 0x0800b351   Thumb Code     2  heapauxi.o(.text)
    __I$use$semihosting                      0x0800b353   Thumb Code     0  use_no_semi.o(.text)
    __use_no_semihosting_swi                 0x0800b353   Thumb Code     2  use_no_semi.o(.text)
    _printf_int_common                       0x0800b355   Thumb Code   178  _printf_intcommon.o(.text)
    _printf_char_common                      0x0800b413   Thumb Code    32  _printf_char_common.o(.text)
    _sputc                                   0x0800b439   Thumb Code    10  _sputc.o(.text)
    _printf_cs_common                        0x0800b443   Thumb Code    20  _printf_char.o(.text)
    _printf_char                             0x0800b457   Thumb Code    16  _printf_char.o(.text)
    _printf_string                           0x0800b467   Thumb Code     8  _printf_char.o(.text)
    _printf_char_file                        0x0800b471   Thumb Code    32  _printf_char_file.o(.text)
    ferror                                   0x0800b495   Thumb Code     8  ferror.o(.text)
    __user_setup_stackheap                   0x0800b49d   Thumb Code    74  sys_stackheap_outer.o(.text)
    exit                                     0x0800b4e7   Thumb Code    12  exit.o(.text)
    __user_libspace                          0x0800b4f5   Thumb Code     8  libspace.o(.text)
    __user_perproc_libspace                  0x0800b4f5   Thumb Code     0  libspace.o(.text)
    __user_perthread_libspace                0x0800b4f5   Thumb Code     0  libspace.o(.text)
    _is_digit                                0x0800b4fd   Thumb Code    14  __printf_wp.o(i._is_digit)
    __aeabi_d2f                              0x0800b50d   Thumb Code     0  d2f.o(x$fpl$d2f)
    _d2f                                     0x0800b50d   Thumb Code    98  d2f.o(x$fpl$d2f)
    __aeabi_ddiv                             0x0800b571   Thumb Code     0  ddiv.o(x$fpl$ddiv)
    _ddiv                                    0x0800b571   Thumb Code   552  ddiv.o(x$fpl$ddiv)
    __aeabi_d2uiz                            0x0800b821   Thumb Code     0  dfixu.o(x$fpl$dfixu)
    _dfixu                                   0x0800b821   Thumb Code    90  dfixu.o(x$fpl$dfixu)
    __aeabi_i2d                              0x0800b87b   Thumb Code     0  dflt_clz.o(x$fpl$dflt)
    _dflt                                    0x0800b87b   Thumb Code    46  dflt_clz.o(x$fpl$dflt)
    __aeabi_ui2d                             0x0800b8a9   Thumb Code     0  dflt_clz.o(x$fpl$dfltu)
    _dfltu                                   0x0800b8a9   Thumb Code    38  dflt_clz.o(x$fpl$dfltu)
    __aeabi_dmul                             0x0800b8d1   Thumb Code     0  dmul.o(x$fpl$dmul)
    _dmul                                    0x0800b8d1   Thumb Code   332  dmul.o(x$fpl$dmul)
    __fpl_dnaninf                            0x0800ba25   Thumb Code   156  dnaninf.o(x$fpl$dnaninf)
    __fpl_dretinf                            0x0800bac1   Thumb Code    12  dretinf.o(x$fpl$dretinf)
    _fp_init                                 0x0800bacd   Thumb Code    10  fpinit.o(x$fpl$fpinit)
    __fplib_config_fpu_vfp                   0x0800bad5   Thumb Code     0  fpinit.o(x$fpl$fpinit)
    __fplib_config_pureend_doubles           0x0800bad5   Thumb Code     0  fpinit.o(x$fpl$fpinit)
    __fpl_fretinf                            0x0800bad7   Thumb Code    10  fretinf.o(x$fpl$fretinf)
    __I$use$fp                               0x0800bae0   Number         0  usenofp.o(x$fpl$usenofp)
    asc2_1206                                0x0800bae0   Data        1140  lcd.o(.constdata)
    asc2_1608                                0x0800bf54   Data        1520  lcd.o(.constdata)
    asc2_2412                                0x0800c544   Data        3420  lcd.o(.constdata)
    FSMC_DefaultTimingStruct                 0x0800d2a0   Data          28  stm32f4xx_fsmc.o(.constdata)
    Region$$Table$$Base                      0x0800d44c   Number         0  anon$$obj.o(Region$$Table)
    Region$$Table$$Limit                     0x0800d46c   Number         0  anon$$obj.o(Region$$Table)
    SystemCoreClock                          0x20000000   Data           4  system_stm32f4xx.o(.data)
    AHBPrescTable                            0x20000004   Data          16  system_stm32f4xx.o(.data)
    POINT_COLOR                              0x20000014   Data           2  lcd.o(.data)
    BACK_COLOR                               0x20000016   Data           2  lcd.o(.data)
    NVIC_InitStructure                       0x20000018   Data           4  rtc.o(.data)
    control0                                 0x2000001c   Data           1  timer.o(.data)
    control4                                 0x2000001d   Data           1  timer.o(.data)
    control1                                 0x2000001e   Data           1  timer.o(.data)
    control5                                 0x2000001f   Data           1  timer.o(.data)
    control2                                 0x20000020   Data           1  timer.o(.data)
    control6                                 0x20000021   Data           1  timer.o(.data)
    control3                                 0x20000022   Data           1  timer.o(.data)
    control7                                 0x20000023   Data           1  timer.o(.data)
    RS485_RX_CNT                             0x20000024   Data           1  rs485.o(.data)
    __stdout                                 0x2000002c   Data           4  usart.o(.data)
    USART_RX_STA                             0x20000030   Data           2  usart.o(.data)
    sys_cmd_tab                              0x20000044   Data          28  usmart.o(.data)
    usmart_nametab                           0x20000060   Data          64  usmart_config.o(.data)
    usmart_dev                               0x200000a0   Data         244  usmart_config.o(.data)
    lcddev                                   0x20000194   Data          14  lcd.o(.bss)
    RS485_RX_BUF                             0x200001a2   Data          64  rs485.o(.bss)
    USART_RX_BUF                             0x200001e2   Data         200  usart.o(.bss)
    __libspace_start                         0x200002ac   Data          96  libspace.o(.bss)
    __temporary_stack_top$libspace           0x2000030c   Data           0  libspace.o(.bss)



==============================================================================

Memory Map of the image

  Image Entry point : 0x08000189

  Load Region LR_IROM1 (Base: 0x08000000, Size: 0x0000d600, Max: 0x00100000, ABSOLUTE, COMPRESSED[0x0000d4ec])

    Execution Region ER_IROM1 (Base: 0x08000000, Size: 0x0000d46c, Max: 0x00100000, ABSOLUTE)

    Base Addr    Size         Type   Attr      Idx    E Section Name        Object

    0x08000000   0x00000188   Data   RO          559    RESET               startup_stm32f40_41xxx.o
    0x08000188   0x00000008   Code   RO          970  * !!!main             c_w.l(__main.o)
    0x08000190   0x00000034   Code   RO         1168    !!!scatter          c_w.l(__scatter.o)
    0x080001c4   0x0000005a   Code   RO         1166    !!dczerorl2         c_w.l(__dczerorl2.o)
    0x0800021e   0x00000002   PAD
    0x08000220   0x0000001c   Code   RO         1170    !!handler_zi        c_w.l(__scatter_zi.o)
    0x0800023c   0x00000000   Code   RO          967    .ARM.Collect$$_printf_percent$$00000000  c_w.l(_printf_percent.o)
    0x0800023c   0x00000006   Code   RO          965    .ARM.Collect$$_printf_percent$$00000009  c_w.l(_printf_d.o)
    0x08000242   0x00000006   Code   RO          966    .ARM.Collect$$_printf_percent$$0000000A  c_w.l(_printf_u.o)
    0x08000248   0x00000006   Code   RO          964    .ARM.Collect$$_printf_percent$$0000000C  c_w.l(_printf_x.o)
    0x0800024e   0x00000006   Code   RO          962    .ARM.Collect$$_printf_percent$$00000013  c_w.l(_printf_c.o)
    0x08000254   0x00000006   Code   RO          963    .ARM.Collect$$_printf_percent$$00000014  c_w.l(_printf_s.o)
    0x0800025a   0x00000004   Code   RO         1003    .ARM.Collect$$_printf_percent$$00000017  c_w.l(_printf_percent_end.o)
    0x0800025e   0x00000002   Code   RO         1041    .ARM.Collect$$libinit$$00000000  c_w.l(libinit.o)
    0x08000260   0x00000004   Code   RO         1047    .ARM.Collect$$libinit$$00000001  c_w.l(libinit2.o)
    0x08000264   0x00000000   Code   RO         1050    .ARM.Collect$$libinit$$00000004  c_w.l(libinit2.o)
    0x08000264   0x00000000   Code   RO         1053    .ARM.Collect$$libinit$$0000000A  c_w.l(libinit2.o)
    0x08000264   0x00000000   Code   RO         1055    .ARM.Collect$$libinit$$0000000C  c_w.l(libinit2.o)
    0x08000264   0x00000000   Code   RO         1057    .ARM.Collect$$libinit$$0000000E  c_w.l(libinit2.o)
    0x08000264   0x00000000   Code   RO         1060    .ARM.Collect$$libinit$$00000011  c_w.l(libinit2.o)
    0x08000264   0x00000000   Code   RO         1062    .ARM.Collect$$libinit$$00000013  c_w.l(libinit2.o)
    0x08000264   0x00000000   Code   RO         1064    .ARM.Collect$$libinit$$00000015  c_w.l(libinit2.o)
    0x08000264   0x00000000   Code   RO         1066    .ARM.Collect$$libinit$$00000017  c_w.l(libinit2.o)
    0x08000264   0x00000000   Code   RO         1068    .ARM.Collect$$libinit$$00000019  c_w.l(libinit2.o)
    0x08000264   0x00000000   Code   RO         1070    .ARM.Collect$$libinit$$0000001B  c_w.l(libinit2.o)
    0x08000264   0x00000000   Code   RO         1072    .ARM.Collect$$libinit$$0000001D  c_w.l(libinit2.o)
    0x08000264   0x00000000   Code   RO         1074    .ARM.Collect$$libinit$$0000001F  c_w.l(libinit2.o)
    0x08000264   0x00000000   Code   RO         1076    .ARM.Collect$$libinit$$00000021  c_w.l(libinit2.o)
    0x08000264   0x00000000   Code   RO         1078    .ARM.Collect$$libinit$$00000023  c_w.l(libinit2.o)
    0x08000264   0x00000000   Code   RO         1080    .ARM.Collect$$libinit$$00000025  c_w.l(libinit2.o)
    0x08000264   0x00000000   Code   RO         1084    .ARM.Collect$$libinit$$0000002C  c_w.l(libinit2.o)
    0x08000264   0x00000000   Code   RO         1086    .ARM.Collect$$libinit$$0000002E  c_w.l(libinit2.o)
    0x08000264   0x00000000   Code   RO         1088    .ARM.Collect$$libinit$$00000030  c_w.l(libinit2.o)
    0x08000264   0x00000000   Code   RO         1090    .ARM.Collect$$libinit$$00000032  c_w.l(libinit2.o)
    0x08000264   0x00000002   Code   RO         1091    .ARM.Collect$$libinit$$00000033  c_w.l(libinit2.o)
    0x08000266   0x00000002   Code   RO         1109    .ARM.Collect$$libshutdown$$00000000  c_w.l(libshutdown.o)
    0x08000268   0x00000000   Code   RO         1120    .ARM.Collect$$libshutdown$$00000003  c_w.l(libshutdown2.o)
    0x08000268   0x00000000   Code   RO         1123    .ARM.Collect$$libshutdown$$00000006  c_w.l(libshutdown2.o)
    0x08000268   0x00000000   Code   RO         1126    .ARM.Collect$$libshutdown$$00000009  c_w.l(libshutdown2.o)
    0x08000268   0x00000000   Code   RO         1128    .ARM.Collect$$libshutdown$$0000000B  c_w.l(libshutdown2.o)
    0x08000268   0x00000000   Code   RO         1131    .ARM.Collect$$libshutdown$$0000000E  c_w.l(libshutdown2.o)
    0x08000268   0x00000002   Code   RO         1132    .ARM.Collect$$libshutdown$$0000000F  c_w.l(libshutdown2.o)
    0x0800026a   0x00000000   Code   RO          992    .ARM.Collect$$rtentry$$00000000  c_w.l(__rtentry.o)
    0x0800026a   0x00000000   Code   RO         1012    .ARM.Collect$$rtentry$$00000002  c_w.l(__rtentry2.o)
    0x0800026a   0x00000006   Code   RO         1024    .ARM.Collect$$rtentry$$00000004  c_w.l(__rtentry4.o)
    0x08000270   0x00000000   Code   RO         1014    .ARM.Collect$$rtentry$$00000009  c_w.l(__rtentry2.o)
    0x08000270   0x00000004   Code   RO         1015    .ARM.Collect$$rtentry$$0000000A  c_w.l(__rtentry2.o)
    0x08000274   0x00000000   Code   RO         1017    .ARM.Collect$$rtentry$$0000000C  c_w.l(__rtentry2.o)
    0x08000274   0x00000008   Code   RO         1018    .ARM.Collect$$rtentry$$0000000D  c_w.l(__rtentry2.o)
    0x0800027c   0x00000002   Code   RO         1045    .ARM.Collect$$rtexit$$00000000  c_w.l(rtexit.o)
    0x0800027e   0x00000000   Code   RO         1093    .ARM.Collect$$rtexit$$00000002  c_w.l(rtexit2.o)
    0x0800027e   0x00000004   Code   RO         1094    .ARM.Collect$$rtexit$$00000003  c_w.l(rtexit2.o)
    0x08000282   0x00000006   Code   RO         1095    .ARM.Collect$$rtexit$$00000004  c_w.l(rtexit2.o)
    0x08000288   0x00000a5a   Code   RO            3    .text               main.o
    0x08000ce2   0x0000001a   Code   RO          179    .text               stm32f4xx_it.o
    0x08000cfc   0x00000210   Code   RO          228    .text               system_stm32f4xx.o
    0x08000f0c   0x00000040   Code   RO          254    .text               led.o
    0x08000f4c   0x00004c80   Code   RO          274    .text               lcd.o
    0x08005bcc   0x00000224   Code   RO          312    .text               rtc.o
    0x08005df0   0x00000026   Code   RO          335    .text               wkup.o
    0x08005e16   0x00000002   PAD
    0x08005e18   0x00000100   Code   RO          355    .text               adc.o
    0x08005f18   0x0000025c   Code   RO          375    .text               myiic.o
    0x08006174   0x00000076   Code   RO          395    .text               bh1750.o
    0x080061ea   0x00000002   PAD
    0x080061ec   0x0000036c   Code   RO          418    .text               timer.o
    0x08006558   0x00000040   Code   RO          441    .text               switch.o
    0x08006598   0x000001b4   Code   RO          461    .text               rs485.o
    0x0800674c   0x00000104   Code   RO          488    .text               delay.o
    0x08006850   0x0000014c   Code   RO          528    .text               usart.o
    0x0800699c   0x00000040   Code   RO          560    .text               startup_stm32f40_41xxx.o
    0x080069dc   0x000000e0   Code   RO          566    .text               misc.o
    0x08006abc   0x00000294   Code   RO          586    .text               stm32f4xx_gpio.o
    0x08006d50   0x000005c8   Code   RO          606    .text               stm32f4xx_fsmc.o
    0x08007318   0x0000065c   Code   RO          629    .text               stm32f4xx_rcc.o
    0x08007974   0x00000454   Code   RO          671    .text               stm32f4xx_usart.o
    0x08007dc8   0x00000d68   Code   RO          691    .text               stm32f4xx_rtc.o
    0x08008b30   0x00000ca2   Code   RO          711    .text               stm32f4xx_tim.o
    0x080097d2   0x00000002   PAD
    0x080097d4   0x00000110   Code   RO          731    .text               stm32f4xx_exti.o
    0x080098e4   0x0000016c   Code   RO          751    .text               stm32f4xx_pwr.o
    0x08009a50   0x00000464   Code   RO          771    .text               stm32f4xx_adc.o
    0x08009eb4   0x00000c34   Code   RO          831    .text               usmart.o
    0x0800aae8   0x00000528   Code   RO          883    .text               usmart_str.o
    0x0800b010   0x00000002   Code   RO          903    .text               c_w.l(use_no_semi_2.o)
    0x0800b012   0x00000002   PAD
    0x0800b014   0x00000018   Code   RO          909    .text               c_w.l(noretval__2printf.o)
    0x0800b02c   0x00000028   Code   RO          911    .text               c_w.l(noretval__2sprintf.o)
    0x0800b054   0x0000004e   Code   RO          915    .text               c_w.l(_printf_pad.o)
    0x0800b0a2   0x00000052   Code   RO          917    .text               c_w.l(_printf_str.o)
    0x0800b0f4   0x00000078   Code   RO          919    .text               c_w.l(_printf_dec.o)
    0x0800b16c   0x00000058   Code   RO          924    .text               c_w.l(_printf_hex_int.o)
    0x0800b1c4   0x00000188   Code   RO          959    .text               c_w.l(__printf_flags_ss_wp.o)
    0x0800b34c   0x00000006   Code   RO          968    .text               c_w.l(heapauxi.o)
    0x0800b352   0x00000002   Code   RO          990    .text               c_w.l(use_no_semi.o)
    0x0800b354   0x000000b2   Code   RO          993    .text               c_w.l(_printf_intcommon.o)
    0x0800b406   0x00000002   PAD
    0x0800b408   0x00000030   Code   RO          995    .text               c_w.l(_printf_char_common.o)
    0x0800b438   0x0000000a   Code   RO          997    .text               c_w.l(_sputc.o)
    0x0800b442   0x0000002c   Code   RO          999    .text               c_w.l(_printf_char.o)
    0x0800b46e   0x00000002   PAD
    0x0800b470   0x00000024   Code   RO         1001    .text               c_w.l(_printf_char_file.o)
    0x0800b494   0x00000008   Code   RO         1028    .text               c_w.l(ferror.o)
    0x0800b49c   0x0000004a   Code   RO         1032    .text               c_w.l(sys_stackheap_outer.o)
    0x0800b4e6   0x0000000c   Code   RO         1034    .text               c_w.l(exit.o)
    0x0800b4f2   0x00000002   PAD
    0x0800b4f4   0x00000008   Code   RO         1042    .text               c_w.l(libspace.o)
    0x0800b4fc   0x0000000e   Code   RO          952    i._is_digit         c_w.l(__printf_wp.o)
    0x0800b50a   0x00000002   PAD
    0x0800b50c   0x00000062   Code   RO          972    x$fpl$d2f           fz_wm.l(d2f.o)
    0x0800b56e   0x00000002   PAD
    0x0800b570   0x000002b0   Code   RO          975    x$fpl$ddiv          fz_wm.l(ddiv.o)
    0x0800b820   0x0000005a   Code   RO          978    x$fpl$dfixu         fz_wm.l(dfixu.o)
    0x0800b87a   0x0000002e   Code   RO          983    x$fpl$dflt          fz_wm.l(dflt_clz.o)
    0x0800b8a8   0x00000026   Code   RO          982    x$fpl$dfltu         fz_wm.l(dflt_clz.o)
    0x0800b8ce   0x00000002   PAD
    0x0800b8d0   0x00000154   Code   RO          988    x$fpl$dmul          fz_wm.l(dmul.o)
    0x0800ba24   0x0000009c   Code   RO         1004    x$fpl$dnaninf       fz_wm.l(dnaninf.o)
    0x0800bac0   0x0000000c   Code   RO         1006    x$fpl$dretinf       fz_wm.l(dretinf.o)
    0x0800bacc   0x0000000a   Code   RO         1101    x$fpl$fpinit        fz_wm.l(fpinit.o)
    0x0800bad6   0x0000000a   Code   RO         1008    x$fpl$fretinf       fz_wm.l(fretinf.o)
    0x0800bae0   0x00000000   Code   RO         1010    x$fpl$usenofp       fz_wm.l(usenofp.o)
    0x0800bae0   0x000017c0   Data   RO          276    .constdata          lcd.o
    0x0800d2a0   0x0000001c   Data   RO          607    .constdata          stm32f4xx_fsmc.o
    0x0800d2bc   0x00000028   Data   RO          925    .constdata          c_w.l(_printf_hex_int.o)
    0x0800d2e4   0x00000011   Data   RO          960    .constdata          c_w.l(__printf_flags_ss_wp.o)
    0x0800d2f5   0x00000003   PAD
    0x0800d2f8   0x00000028   Data   RO          832    .conststring        usmart.o
    0x0800d320   0x0000012a   Data   RO          862    .conststring        usmart_config.o
    0x0800d44a   0x00000002   PAD
    0x0800d44c   0x00000020   Data   RO         1164    Region$$Table       anon$$obj.o


    Execution Region RW_IRAM1 (Base: 0x20000000, Size: 0x00000910, Max: 0x00020000, ABSOLUTE, COMPRESSED[0x00000080])

    Base Addr    Size         Type   Attr      Idx    E Section Name        Object

    0x20000000   0x00000014   Data   RW          229    .data               system_stm32f4xx.o
    0x20000014   0x00000004   Data   RW          277    .data               lcd.o
    0x20000018   0x00000004   Data   RW          313    .data               rtc.o
    0x2000001c   0x00000008   Data   RW          419    .data               timer.o
    0x20000024   0x00000001   Data   RW          463    .data               rs485.o
    0x20000025   0x00000001   PAD
    0x20000026   0x00000004   Data   RW          489    .data               delay.o
    0x2000002a   0x00000002   PAD
    0x2000002c   0x00000006   Data   RW          530    .data               usart.o
    0x20000032   0x00000010   Data   RW          630    .data               stm32f4xx_rcc.o
    0x20000042   0x00000002   PAD
    0x20000044   0x0000001c   Data   RW          833    .data               usmart.o
    0x20000060   0x00000134   Data   RW          863    .data               usmart_config.o
    0x20000194   0x0000000e   Zero   RW          275    .bss                lcd.o
    0x200001a2   0x00000040   Zero   RW          462    .bss                rs485.o
    0x200001e2   0x000000c8   Zero   RW          529    .bss                usart.o
    0x200002aa   0x00000002   PAD
    0x200002ac   0x00000060   Zero   RW         1043    .bss                c_w.l(libspace.o)
    0x2000030c   0x00000004   PAD
    0x20000310   0x00000200   Zero   RW          558    HEAP                startup_stm32f40_41xxx.o
    0x20000510   0x00000400   Zero   RW          557    STACK               startup_stm32f40_41xxx.o


==============================================================================

Image component sizes


      Code (inc. data)   RO Data    RW Data    ZI Data      Debug   Object Name

       256         12          0          0          0       1216   adc.o
       118          0          0          0          0        935   bh1750.o
       260          8          0          4          0       1545   delay.o
     19584        174       6080          4         14      22542   lcd.o
        64          4          0          0          0        579   led.o
      2650        284          0          0          0     322723   main.o
       224         20          0          0          0       1925   misc.o
       604         14          0          0          0       1952   myiic.o
       436         26          0          1         64       2322   rs485.o
       548         24          0          4          0       2660   rtc.o
        64         26        392          0       1536        872   startup_stm32f40_41xxx.o
      1124         24          0          0          0      10602   stm32f4xx_adc.o
       272         10          0          0          0       2371   stm32f4xx_exti.o
      1480         18         28          0          0       5778   stm32f4xx_fsmc.o
       660         44          0          0          0       4201   stm32f4xx_gpio.o
        26          0          0          0          0       1278   stm32f4xx_it.o
       364         12          0          0          0       3791   stm32f4xx_pwr.o
      1628         52          0         16          0      13044   stm32f4xx_rcc.o
      3432         44          0          0          0      15164   stm32f4xx_rtc.o
      3234         60          0          0          0      22408   stm32f4xx_tim.o
      1108         34          0          0          0       7904   stm32f4xx_usart.o
        64          4          0          0          0        594   switch.o
       528         46          0         20          0       1939   system_stm32f4xx.o
       876         60          0          8          0       2944   timer.o
       332         18          0          6        200       3478   usart.o
      3124       1286         40         28          0       4526   usmart.o
         0          0        298        308          0       1688   usmart_config.o
      1320         12          0          0          0       5273   usmart_str.o
        38          0          0          0          0        560   wkup.o

    ----------------------------------------------------------------------
     44424       2316       6872        404       1816     466814   Object Totals
         0          0         32          0          0          0   (incl. Generated)
         6          0          2          5          2          0   (incl. Padding)

    ----------------------------------------------------------------------

      Code (inc. data)   RO Data    RW Data    ZI Data      Debug   Library Member Name

        90          0          0          0          0          0   __dczerorl2.o
         8          0          0          0          0         68   __main.o
       392          4         17          0          0         92   __printf_flags_ss_wp.o
        14          0          0          0          0         68   __printf_wp.o
         0          0          0          0          0          0   __rtentry.o
        12          0          0          0          0          0   __rtentry2.o
         6          0          0          0          0          0   __rtentry4.o
        52          8          0          0          0          0   __scatter.o
        28          0          0          0          0          0   __scatter_zi.o
         6          0          0          0          0          0   _printf_c.o
        44          0          0          0          0        108   _printf_char.o
        48          6          0          0          0         96   _printf_char_common.o
        36          4          0          0          0         80   _printf_char_file.o
         6          0          0          0          0          0   _printf_d.o
       120         16          0          0          0         92   _printf_dec.o
        88          4         40          0          0         88   _printf_hex_int.o
       178          0          0          0          0         88   _printf_intcommon.o
        78          0          0          0          0        108   _printf_pad.o
         0          0          0          0          0          0   _printf_percent.o
         4          0          0          0          0          0   _printf_percent_end.o
         6          0          0          0          0          0   _printf_s.o
        82          0          0          0          0         80   _printf_str.o
         6          0          0          0          0          0   _printf_u.o
         6          0          0          0          0          0   _printf_x.o
        10          0          0          0          0         68   _sputc.o
        12          0          0          0          0         72   exit.o
         8          0          0          0          0         68   ferror.o
         6          0          0          0          0        152   heapauxi.o
         2          0          0          0          0          0   libinit.o
         6          0          0          0          0          0   libinit2.o
         2          0          0          0          0          0   libshutdown.o
         2          0          0          0          0          0   libshutdown2.o
         8          4          0          0         96         68   libspace.o
        24          4          0          0          0         84   noretval__2printf.o
        40          6          0          0          0         84   noretval__2sprintf.o
         2          0          0          0          0          0   rtexit.o
        10          0          0          0          0          0   rtexit2.o
        74          0          0          0          0         80   sys_stackheap_outer.o
         2          0          0          0          0         68   use_no_semi.o
         2          0          0          0          0         68   use_no_semi_2.o
        98          4          0          0          0        140   d2f.o
       688        140          0          0          0        256   ddiv.o
        90          4          0          0          0        140   dfixu.o
        84          0          0          0          0        232   dflt_clz.o
       340         12          0          0          0        152   dmul.o
       156          4          0          0          0        140   dnaninf.o
        12          0          0          0          0        116   dretinf.o
        10          0          0          0          0        116   fpinit.o
        10          0          0          0          0        116   fretinf.o
         0          0          0          0          0          0   usenofp.o

    ----------------------------------------------------------------------
      3024        220         60          0        100       3188   Library Totals
        16          0          3          0          4          0   (incl. Padding)

    ----------------------------------------------------------------------

      Code (inc. data)   RO Data    RW Data    ZI Data      Debug   Library Name

      1520         56         57          0         96       1780   c_w.l
      1488        164          0          0          0       1408   fz_wm.l

    ----------------------------------------------------------------------
      3024        220         60          0        100       3188   Library Totals

    ----------------------------------------------------------------------

==============================================================================


      Code (inc. data)   RO Data    RW Data    ZI Data      Debug   

     47448       2536       6932        404       1916     462218   Grand Totals
     47448       2536       6932        128       1916     462218   ELF Image Totals (compressed)
     47448       2536       6932        128          0          0   ROM Totals

==============================================================================

    Total RO  Size (Code + RO Data)                54380 (  53.11kB)
    Total RW  Size (RW Data + ZI Data)              2320 (   2.27kB)
    Total ROM Size (Code + RO Data + RW Data)      54508 (  53.23kB)

==============================================================================

